{
    "sativa - 5 real jplace placements - stub": {
        "content": [
            {
                "0": [
                    [
                        {
                            "id": "sativa_score_test"
                        },
                        "sativa_score_test.mislabels.tsv:md5,d41d8cd98f00b204e9800998ecf8427e"
                    ]
                ],
                "1": [
                    [
                        {
                            "id": "sativa_score_test"
                        },
                        "sativa_score_test.summary.txt:md5,d41d8cd98f00b204e9800998ecf8427e"
                    ]
                ],
                "2": [
                    "versions.yml:md5,7e393c45f31ef12011a0aa049ab0bf8d"
                ],
                "mislabels": [
                    [
                        {
                            "id": "sativa_score_test"
                        },
                        "sativa_score_test.mislabels.tsv:md5,d41d8cd98f00b204e9800998ecf8427e"
                    ]
                ],
                "summary": [
                    [
                        {
                            "id": "sativa_score_test"
                        },
                        "sativa_score_test.summary.txt:md5,d41d8cd98f00b204e9800998ecf8427e"
                    ]
                ],
                "versions": [
                    "versions.yml:md5,7e393c45f31ef12011a0aa049ab0bf8d"
                ]
            }
        ],
        "timestamp": "2026-07-22T15:45:25.506794412",
        "meta": {
            "nf-test": "0.9.5",
            "nextflow": "26.04.6"
        }
    },
    "mislabels_and_summary": {
        "content": [
            "seq_name\toriginal_label\tpredicted_label\tlwr\tmismatch_rank\nDupSeq01\tBacteria;Fusobacteria;Fusobacteriia;Fusobacteriales;Leptotrichiaceae;Streptobacillus(t);DupSpecies1\tBacteria;Fusobacteria;Fusobacteriia;Fusobacteriales;Leptotrichiaceae;Streptobacillus(t);DupSpecies[2]\t0.983062\t7\nDupSeq02\tBacteria;Fusobacteria;Fusobacteriia;Fusobacteriales;Leptotrichiaceae;Streptobacillus(t);DupSpecies[2]\tBacteria;Fusobacteria;Fusobacteriia;Fusobacteriales;Leptotrichiaceae;Streptobacillus(t);DupSpecies1\t0.983062\t7\nUnpCCeti\tBacteria;Fusobacteria;Fusobacteriia;Fusobacteriales;Fusobacteriaceae;Cetobacterium;Cetobacterium ceti\tBacteria;Fusobacteria;Fusobacteriia;Fusobacteriales;Fusobacteriaceae;Fusobacterium;Fusobacterium simiae\t0.669127\t6\nUxjAloci\tBacteria;Firmicutes;Clostridia;Clostridiales;Peptostreptococcaceae;Filifactor;Filifactor alocis\tBacteria;Fusobacteria;Fusobacteriia;Fusobacteriales;Fusobacteriaceae;Fusobacterium;Leptotrichia wadei\t0.985706\t2\n",
            "sequences scored: 5\nmin_lwr threshold: 0.5\nputative mislabels: 4\n"
        ],
        "timestamp": "2026-07-22T15:45:18.073631152",
        "meta": {
            "nf-test": "0.9.5",
            "nextflow": "26.04.6"
        }
    }
}