{
    "-profile test_clustal": {
        "content": [
            {
                "EMBOSS_SEQRET": {
                    "emboss": "6.6.0.0"
                },
                "EPANG_PLACE": {
                    "epa-ng": "0.3.8"
                },
                "IQTREE": {
                    "iqtree": "2.4.0"
                },
                "SATIVALOOSPLIT": {
                    "python": "3.12.12",
                    "biopython": 1.84
                },
                "SATIVASCORE": {
                    "python": "3.11.10"
                },
                "TAXONOMYTREE": {
                    "python": "3.11.10"
                },
                "Workflow": {
                    "nf-core/sativa": "v1.0.0dev"
                }
            },
            [
                "emboss",
                "emboss/user-alignment.phylip",
                "epang",
                "epang/user-alignment_0001.epa_info.log",
                "epang/user-alignment_0001.epa_result.jplace.gz",
                "epang/user-alignment_0002.epa_info.log",
                "epang/user-alignment_0002.epa_result.jplace.gz",
                "epang/user-alignment_0003.epa_info.log",
                "epang/user-alignment_0003.epa_result.jplace.gz",
                "epang/user-alignment_0004.epa_info.log",
                "epang/user-alignment_0004.epa_result.jplace.gz",
                "epang/user-alignment_0005.epa_info.log",
                "epang/user-alignment_0005.epa_result.jplace.gz",
                "epang/user-alignment_0006.epa_info.log",
                "epang/user-alignment_0006.epa_result.jplace.gz",
                "epang/user-alignment_0007.epa_info.log",
                "epang/user-alignment_0007.epa_result.jplace.gz",
                "epang/user-alignment_0008.epa_info.log",
                "epang/user-alignment_0008.epa_result.jplace.gz",
                "epang/user-alignment_0009.epa_info.log",
                "epang/user-alignment_0009.epa_result.jplace.gz",
                "epang/user-alignment_0010.epa_info.log",
                "epang/user-alignment_0010.epa_result.jplace.gz",
                "epang/user-alignment_0011.epa_info.log",
                "epang/user-alignment_0011.epa_result.jplace.gz",
                "epang/user-alignment_0012.epa_info.log",
                "epang/user-alignment_0012.epa_result.jplace.gz",
                "epang/user-alignment_0013.epa_info.log",
                "epang/user-alignment_0013.epa_result.jplace.gz",
                "epang/user-alignment_0014.epa_info.log",
                "epang/user-alignment_0014.epa_result.jplace.gz",
                "epang/user-alignment_0015.epa_info.log",
                "epang/user-alignment_0015.epa_result.jplace.gz",
                "epang/user-alignment_0016.epa_info.log",
                "epang/user-alignment_0016.epa_result.jplace.gz",
                "epang/user-alignment_0017.epa_info.log",
                "epang/user-alignment_0017.epa_result.jplace.gz",
                "epang/user-alignment_0018.epa_info.log",
                "epang/user-alignment_0018.epa_result.jplace.gz",
                "epang/user-alignment_0019.epa_info.log",
                "epang/user-alignment_0019.epa_result.jplace.gz",
                "epang/user-alignment_0020.epa_info.log",
                "epang/user-alignment_0020.epa_result.jplace.gz",
                "epang/user-alignment_0021.epa_info.log",
                "epang/user-alignment_0021.epa_result.jplace.gz",
                "epang/user-alignment_0022.epa_info.log",
                "epang/user-alignment_0022.epa_result.jplace.gz",
                "epang/user-alignment_0023.epa_info.log",
                "epang/user-alignment_0023.epa_result.jplace.gz",
                "epang/user-alignment_0024.epa_info.log",
                "epang/user-alignment_0024.epa_result.jplace.gz",
                "epang/user-alignment_0025.epa_info.log",
                "epang/user-alignment_0025.epa_result.jplace.gz",
                "epang/user-alignment_0026.epa_info.log",
                "epang/user-alignment_0026.epa_result.jplace.gz",
                "epang/user-alignment_0027.epa_info.log",
                "epang/user-alignment_0027.epa_result.jplace.gz",
                "epang/user-alignment_0028.epa_info.log",
                "epang/user-alignment_0028.epa_result.jplace.gz",
                "epang/user-alignment_0029.epa_info.log",
                "epang/user-alignment_0029.epa_result.jplace.gz",
                "epang/user-alignment_0030.epa_info.log",
                "epang/user-alignment_0030.epa_result.jplace.gz",
                "epang/user-alignment_0031.epa_info.log",
                "epang/user-alignment_0031.epa_result.jplace.gz",
                "epang/user-alignment_0032.epa_info.log",
                "epang/user-alignment_0032.epa_result.jplace.gz",
                "epang/user-alignment_0033.epa_info.log",
                "epang/user-alignment_0033.epa_result.jplace.gz",
                "epang/user-alignment_0034.epa_info.log",
                "epang/user-alignment_0034.epa_result.jplace.gz",
                "epang/user-alignment_0035.epa_info.log",
                "epang/user-alignment_0035.epa_result.jplace.gz",
                "epang/user-alignment_0036.epa_info.log",
                "epang/user-alignment_0036.epa_result.jplace.gz",
                "epang/user-alignment_0037.epa_info.log",
                "epang/user-alignment_0037.epa_result.jplace.gz",
                "epang/user-alignment_0038.epa_info.log",
                "epang/user-alignment_0038.epa_result.jplace.gz",
                "epang/user-alignment_0039.epa_info.log",
                "epang/user-alignment_0039.epa_result.jplace.gz",
                "epang/user-alignment_0040.epa_info.log",
                "epang/user-alignment_0040.epa_result.jplace.gz",
                "iqtree",
                "iqtree/user-alignment.iqtree",
                "iqtree/user-alignment.log",
                "iqtree/user-alignment.treefile",
                "multiqc",
                "multiqc/multiqc_data",
                "multiqc/multiqc_data/llms-full.txt",
                "multiqc/multiqc_data/multiqc.log",
                "multiqc/multiqc_data/multiqc.parquet",
                "multiqc/multiqc_data/multiqc_citations.txt",
                "multiqc/multiqc_data/multiqc_data.json",
                "multiqc/multiqc_data/multiqc_software_versions.txt",
                "multiqc/multiqc_data/multiqc_sources.txt",
                "multiqc/multiqc_report.html",
                "pipeline_info",
                "pipeline_info/nf_core_sativa_software_mqc_versions.yml",
                "sativaloosplit",
                "sativaloosplit/queryaln",
                "sativaloosplit/queryaln/0001_UnpCCeti.query.fasta",
                "sativaloosplit/queryaln/0002_UnpSomer.query.fasta",
                "sativaloosplit/queryaln/0003_UpbRectu.query.fasta",
                "sativaloosplit/queryaln/0004_UxjAloci.query.fasta",
                "sativaloosplit/queryaln/0005_UyvCanif.query.fasta",
                "sativaloosplit/queryaln/0006_UyvEquin.query.fasta",
                "sativaloosplit/queryaln/0007_UyvGonid.query.fasta",
                "sativaloosplit/queryaln/0008_UyvMorti.query.fasta",
                "sativaloosplit/queryaln/0009_UyvNecro.query.fasta",
                "sativaloosplit/queryaln/0010_UyvNecr2.query.fasta",
                "sativaloosplit/queryaln/0011_UyvNecr3.query.fasta",
                "sativaloosplit/queryaln/0012_UyvNucle.query.fasta",
                "sativaloosplit/queryaln/0013_UyvNucl2.query.fasta",
                "sativaloosplit/queryaln/0014_UyvNucl3.query.fasta",
                "sativaloosplit/queryaln/0015_UyvNucl4.query.fasta",
                "sativaloosplit/queryaln/0016_UyvNucl5.query.fasta",
                "sativaloosplit/queryaln/0017_UyvPerfo.query.fasta",
                "sativaloosplit/queryaln/0018_UyvPerio.query.fasta",
                "sativaloosplit/queryaln/0019_UyvRussi.query.fasta",
                "sativaloosplit/queryaln/0020_UyvSimia.query.fasta",
                "sativaloosplit/queryaln/0021_UyvUlcer.query.fasta",
                "sativaloosplit/queryaln/0022_UyvVariu.query.fasta",
                "sativaloosplit/queryaln/0023_VejInsue.query.fasta",
                "sativaloosplit/queryaln/0024_VejPolyt.query.fasta",
                "sativaloosplit/queryaln/0025_VejTarta.query.fasta",
                "sativaloosplit/queryaln/0026_VikBucca.query.fasta",
                "sativaloosplit/queryaln/0027_VikGoodf.query.fasta",
                "sativaloosplit/queryaln/0028_VikHofst.query.fasta",
                "sativaloosplit/queryaln/0029_VikSpeci.query.fasta",
                "sativaloosplit/queryaln/0030_VikShahi.query.fasta",
                "sativaloosplit/queryaln/0031_VikTrevi.query.fasta",
                "sativaloosplit/queryaln/0032_VikWadei.query.fasta",
                "sativaloosplit/queryaln/0033_VxsMaris.query.fasta",
                "sativaloosplit/queryaln/0034_VxsModes.query.fasta",
                "sativaloosplit/queryaln/0035_VzeAtlan.query.fasta",
                "sativaloosplit/queryaln/0036_WekTermi.query.fasta",
                "sativaloosplit/queryaln/0037_WgeSangu.query.fasta",
                "sativaloosplit/queryaln/0038_WicMonil.query.fasta",
                "sativaloosplit/queryaln/0039_DupSeq01.query.fasta",
                "sativaloosplit/queryaln/0040_DupSeq02.query.fasta",
                "sativaloosplit/referencealn",
                "sativaloosplit/referencealn/0001_UnpCCeti.reference.fasta",
                "sativaloosplit/referencealn/0002_UnpSomer.reference.fasta",
                "sativaloosplit/referencealn/0003_UpbRectu.reference.fasta",
                "sativaloosplit/referencealn/0004_UxjAloci.reference.fasta",
                "sativaloosplit/referencealn/0005_UyvCanif.reference.fasta",
                "sativaloosplit/referencealn/0006_UyvEquin.reference.fasta",
                "sativaloosplit/referencealn/0007_UyvGonid.reference.fasta",
                "sativaloosplit/referencealn/0008_UyvMorti.reference.fasta",
                "sativaloosplit/referencealn/0009_UyvNecro.reference.fasta",
                "sativaloosplit/referencealn/0010_UyvNecr2.reference.fasta",
                "sativaloosplit/referencealn/0011_UyvNecr3.reference.fasta",
                "sativaloosplit/referencealn/0012_UyvNucle.reference.fasta",
                "sativaloosplit/referencealn/0013_UyvNucl2.reference.fasta",
                "sativaloosplit/referencealn/0014_UyvNucl3.reference.fasta",
                "sativaloosplit/referencealn/0015_UyvNucl4.reference.fasta",
                "sativaloosplit/referencealn/0016_UyvNucl5.reference.fasta",
                "sativaloosplit/referencealn/0017_UyvPerfo.reference.fasta",
                "sativaloosplit/referencealn/0018_UyvPerio.reference.fasta",
                "sativaloosplit/referencealn/0019_UyvRussi.reference.fasta",
                "sativaloosplit/referencealn/0020_UyvSimia.reference.fasta",
                "sativaloosplit/referencealn/0021_UyvUlcer.reference.fasta",
                "sativaloosplit/referencealn/0022_UyvVariu.reference.fasta",
                "sativaloosplit/referencealn/0023_VejInsue.reference.fasta",
                "sativaloosplit/referencealn/0024_VejPolyt.reference.fasta",
                "sativaloosplit/referencealn/0025_VejTarta.reference.fasta",
                "sativaloosplit/referencealn/0026_VikBucca.reference.fasta",
                "sativaloosplit/referencealn/0027_VikGoodf.reference.fasta",
                "sativaloosplit/referencealn/0028_VikHofst.reference.fasta",
                "sativaloosplit/referencealn/0029_VikSpeci.reference.fasta",
                "sativaloosplit/referencealn/0030_VikShahi.reference.fasta",
                "sativaloosplit/referencealn/0031_VikTrevi.reference.fasta",
                "sativaloosplit/referencealn/0032_VikWadei.reference.fasta",
                "sativaloosplit/referencealn/0033_VxsMaris.reference.fasta",
                "sativaloosplit/referencealn/0034_VxsModes.reference.fasta",
                "sativaloosplit/referencealn/0035_VzeAtlan.reference.fasta",
                "sativaloosplit/referencealn/0036_WekTermi.reference.fasta",
                "sativaloosplit/referencealn/0037_WgeSangu.reference.fasta",
                "sativaloosplit/referencealn/0038_WicMonil.reference.fasta",
                "sativaloosplit/referencealn/0039_DupSeq01.reference.fasta",
                "sativaloosplit/referencealn/0040_DupSeq02.reference.fasta",
                "sativaloosplit/referencetree",
                "sativaloosplit/referencetree/0001_UnpCCeti.tree.nwk",
                "sativaloosplit/referencetree/0002_UnpSomer.tree.nwk",
                "sativaloosplit/referencetree/0003_UpbRectu.tree.nwk",
                "sativaloosplit/referencetree/0004_UxjAloci.tree.nwk",
                "sativaloosplit/referencetree/0005_UyvCanif.tree.nwk",
                "sativaloosplit/referencetree/0006_UyvEquin.tree.nwk",
                "sativaloosplit/referencetree/0007_UyvGonid.tree.nwk",
                "sativaloosplit/referencetree/0008_UyvMorti.tree.nwk",
                "sativaloosplit/referencetree/0009_UyvNecro.tree.nwk",
                "sativaloosplit/referencetree/0010_UyvNecr2.tree.nwk",
                "sativaloosplit/referencetree/0011_UyvNecr3.tree.nwk",
                "sativaloosplit/referencetree/0012_UyvNucle.tree.nwk",
                "sativaloosplit/referencetree/0013_UyvNucl2.tree.nwk",
                "sativaloosplit/referencetree/0014_UyvNucl3.tree.nwk",
                "sativaloosplit/referencetree/0015_UyvNucl4.tree.nwk",
                "sativaloosplit/referencetree/0016_UyvNucl5.tree.nwk",
                "sativaloosplit/referencetree/0017_UyvPerfo.tree.nwk",
                "sativaloosplit/referencetree/0018_UyvPerio.tree.nwk",
                "sativaloosplit/referencetree/0019_UyvRussi.tree.nwk",
                "sativaloosplit/referencetree/0020_UyvSimia.tree.nwk",
                "sativaloosplit/referencetree/0021_UyvUlcer.tree.nwk",
                "sativaloosplit/referencetree/0022_UyvVariu.tree.nwk",
                "sativaloosplit/referencetree/0023_VejInsue.tree.nwk",
                "sativaloosplit/referencetree/0024_VejPolyt.tree.nwk",
                "sativaloosplit/referencetree/0025_VejTarta.tree.nwk",
                "sativaloosplit/referencetree/0026_VikBucca.tree.nwk",
                "sativaloosplit/referencetree/0027_VikGoodf.tree.nwk",
                "sativaloosplit/referencetree/0028_VikHofst.tree.nwk",
                "sativaloosplit/referencetree/0029_VikSpeci.tree.nwk",
                "sativaloosplit/referencetree/0030_VikShahi.tree.nwk",
                "sativaloosplit/referencetree/0031_VikTrevi.tree.nwk",
                "sativaloosplit/referencetree/0032_VikWadei.tree.nwk",
                "sativaloosplit/referencetree/0033_VxsMaris.tree.nwk",
                "sativaloosplit/referencetree/0034_VxsModes.tree.nwk",
                "sativaloosplit/referencetree/0035_VzeAtlan.tree.nwk",
                "sativaloosplit/referencetree/0036_WekTermi.tree.nwk",
                "sativaloosplit/referencetree/0037_WgeSangu.tree.nwk",
                "sativaloosplit/referencetree/0038_WicMonil.tree.nwk",
                "sativaloosplit/referencetree/0039_DupSeq01.tree.nwk",
                "sativaloosplit/referencetree/0040_DupSeq02.tree.nwk",
                "sativascore",
                "sativascore/user-alignment.mislabels.tsv",
                "sativascore/user-alignment.summary.txt",
                "taxonomytree",
                "taxonomytree/guide-tree.guide.nwk"
            ],
            [
                "user-alignment.phylip:md5,461192d309b8f9c87bb21f4dcb5c250f",
                "user-alignment_0001.epa_info.log:md5,9ca93c27f82f6eb85a00c086e876e582",
                "user-alignment_0001.epa_result.jplace.gz:md5,f89acd84e53651b37ab0021ed40ec349",
                "user-alignment_0002.epa_info.log:md5,bed8a9bcfcd3b89cc289135668e9429c",
                "user-alignment_0002.epa_result.jplace.gz:md5,56b9440615c71ec33ddd8b2f2dd34dcb",
                "user-alignment_0003.epa_info.log:md5,39aa7c1c5285e6fd13fbaaec6943c824",
                "user-alignment_0003.epa_result.jplace.gz:md5,648501d78b0602aa27a3ee3d70561d08",
                "user-alignment_0004.epa_info.log:md5,515d78838c4904c45280267c5082bfc5",
                "user-alignment_0004.epa_result.jplace.gz:md5,f618951f5943d5232692456684165bc5",
                "user-alignment_0005.epa_info.log:md5,2836ed700c437ed673347ba1b71c2fc0",
                "user-alignment_0005.epa_result.jplace.gz:md5,e9381bd42209b1bba7603e6c5f3906b9",
                "user-alignment_0006.epa_info.log:md5,e7a35b6feb9ec1efa961c43fb416544b",
                "user-alignment_0006.epa_result.jplace.gz:md5,44b4f6ef62b7a8b1f71d29274718e3b5",
                "user-alignment_0007.epa_info.log:md5,e6c37f4ccab90cb52e6a312a871af7b0",
                "user-alignment_0007.epa_result.jplace.gz:md5,916e4626527bca73b2c40c6548403748",
                "user-alignment_0008.epa_info.log:md5,653dca30706f76a2761b3391f94d0fbb",
                "user-alignment_0008.epa_result.jplace.gz:md5,b47b725a7fa8f42d0b69681c809fbea3",
                "user-alignment_0009.epa_info.log:md5,4d7c2d201203727bf5891b4acba98d5d",
                "user-alignment_0009.epa_result.jplace.gz:md5,c26422b7991029d41f3a9c462aaed35b",
                "user-alignment_0010.epa_info.log:md5,56bad3e76597721f05b00aa691d2c4cb",
                "user-alignment_0010.epa_result.jplace.gz:md5,facab5c54300de196099a9ac935f652e",
                "user-alignment_0011.epa_info.log:md5,6bd75c1b3a93f72b8ef613093957c401",
                "user-alignment_0011.epa_result.jplace.gz:md5,76f6d113486507e26c3cf56e75d2c58b",
                "user-alignment_0012.epa_info.log:md5,fea253b248cf973e39a4609b24d43fbf",
                "user-alignment_0012.epa_result.jplace.gz:md5,8f19e296a73e4bb14b28551bba5cc45f",
                "user-alignment_0013.epa_info.log:md5,d7d930b37ba6cbb7d37cbb023ee10b33",
                "user-alignment_0013.epa_result.jplace.gz:md5,8f673bfd445557d704e9c1bb3e8513d7",
                "user-alignment_0014.epa_info.log:md5,e8da6032877839761dddb1f77777b1fe",
                "user-alignment_0014.epa_result.jplace.gz:md5,7fc6332f5df57f3d7b13693b70fbf0d2",
                "user-alignment_0015.epa_info.log:md5,635b255c0c2376d1f6a430fee20ba9d8",
                "user-alignment_0015.epa_result.jplace.gz:md5,0a20dd6b2faf52edb208d1a15499124a",
                "user-alignment_0016.epa_info.log:md5,ba946d2cfddab1e0b14182f8f8dc230d",
                "user-alignment_0016.epa_result.jplace.gz:md5,d97334152672077bd99d82dfb1bc57dd",
                "user-alignment_0017.epa_info.log:md5,ff29abb26966caec66414fbbc506845f",
                "user-alignment_0017.epa_result.jplace.gz:md5,82d8393ac90eeecf985fe13edd317e61",
                "user-alignment_0018.epa_info.log:md5,0f7575443d18b7ffba20b9c1a1de8859",
                "user-alignment_0018.epa_result.jplace.gz:md5,0e6ff2f0cb7d6854f149c3b3f3f8dfbc",
                "user-alignment_0019.epa_info.log:md5,dbd6ac49d855ce615cc7c17590f66923",
                "user-alignment_0019.epa_result.jplace.gz:md5,b52b83bd25d076c8d962aa4d5afbcaea",
                "user-alignment_0020.epa_info.log:md5,fe6babd3992364b9f9305292f611fc83",
                "user-alignment_0020.epa_result.jplace.gz:md5,14bda3c4570c796554c23ec18ac4bfe3",
                "user-alignment_0021.epa_info.log:md5,bef8b8c645d49e1714ab3b17a2ec3cef",
                "user-alignment_0021.epa_result.jplace.gz:md5,32956236f68646c8ae4ac9278033ef51",
                "user-alignment_0022.epa_info.log:md5,e40ff0cf7d2046c387ba88ec31fc568b",
                "user-alignment_0022.epa_result.jplace.gz:md5,ae3029170f394f57002bb84fe6d6c3d0",
                "user-alignment_0023.epa_info.log:md5,92eda54d23087314d38eeb6bd7016dba",
                "user-alignment_0023.epa_result.jplace.gz:md5,b4c9234f8af3f52beb4b6b8eeebb56a1",
                "user-alignment_0024.epa_info.log:md5,3e0cdbaba6493d667c61b78d5e58af29",
                "user-alignment_0024.epa_result.jplace.gz:md5,cffe36e4bb4d0ce19fd872671bf1319b",
                "user-alignment_0025.epa_info.log:md5,7760257b4340d2f3fa2224ba2358b0d3",
                "user-alignment_0025.epa_result.jplace.gz:md5,bb5e2928abc519f05169765ffa821909",
                "user-alignment_0026.epa_info.log:md5,c0c049ce2a824cca377cb0244666d3da",
                "user-alignment_0026.epa_result.jplace.gz:md5,0c29f1230f0e8a05c281704e93e597db",
                "user-alignment_0027.epa_info.log:md5,5e1d27cf3559485c2a9a905738c6755d",
                "user-alignment_0027.epa_result.jplace.gz:md5,c54da4311e653bf0cf3026e8f9f7f19d",
                "user-alignment_0028.epa_info.log:md5,633906f260a9a8c78ec51ec60696f9c4",
                "user-alignment_0028.epa_result.jplace.gz:md5,2e1d80f03a856bea298f6936adc3ac37",
                "user-alignment_0029.epa_info.log:md5,09622cea15ffd49fa6702945fa1a90c6",
                "user-alignment_0029.epa_result.jplace.gz:md5,d7641222522a74f677f83df227f69c04",
                "user-alignment_0030.epa_info.log:md5,87063f102dae9b6debcef83f4b52ffb2",
                "user-alignment_0030.epa_result.jplace.gz:md5,b13cbe69b8216ab648a0f4743904ff02",
                "user-alignment_0031.epa_info.log:md5,108845024f9cbf264fcf1fd6b3ce8862",
                "user-alignment_0031.epa_result.jplace.gz:md5,d105e45b4b2be63c72d3568ed30783a9",
                "user-alignment_0032.epa_info.log:md5,23ee61476b870de7abeb5cf1866f707b",
                "user-alignment_0032.epa_result.jplace.gz:md5,67b6ddb50686e380591a6aef0a761bd2",
                "user-alignment_0033.epa_info.log:md5,2995d7305d7e42b3631ee54d533192d6",
                "user-alignment_0033.epa_result.jplace.gz:md5,91f14bb70a97a4794051783f7eeaed09",
                "user-alignment_0034.epa_info.log:md5,ef3740210ecc2996bd9aff98035c731b",
                "user-alignment_0034.epa_result.jplace.gz:md5,7110d387e8ee46114e89306c51e944b6",
                "user-alignment_0035.epa_info.log:md5,b3b048ed532d93cccefdacc55bf91fd8",
                "user-alignment_0035.epa_result.jplace.gz:md5,418feac55e4e7319d5115887dc580009",
                "user-alignment_0036.epa_info.log:md5,b9876fe81a2ee98be2c4063448600fc4",
                "user-alignment_0036.epa_result.jplace.gz:md5,ef1dd32c1a2bf81df6e36ed3952c1d1c",
                "user-alignment_0037.epa_info.log:md5,90629fe18813b42fdd93ebaec316ccb2",
                "user-alignment_0037.epa_result.jplace.gz:md5,e721c76f9df6bc96c7391266963fb479",
                "user-alignment_0038.epa_info.log:md5,da878792800eaaf1863ee81785f7d1ab",
                "user-alignment_0038.epa_result.jplace.gz:md5,592a0ff6b100b461665ca1cf3029458a",
                "user-alignment_0039.epa_info.log:md5,f0c0596594e116dcfc144279d4b64ec5",
                "user-alignment_0039.epa_result.jplace.gz:md5,26086e1075db54aa0b7cfc8496f56eea",
                "user-alignment_0040.epa_info.log:md5,3f8cafd1b6698b339153f11545fc5897",
                "user-alignment_0040.epa_result.jplace.gz:md5,6fe5325afbb25392d21f6010849ecc90",
                "user-alignment.iqtree:md5,f3955f1ae7d200eaf5b154a40c8d4880",
                "user-alignment.log:md5,b93db26287527f04cec153e9d6900b21",
                "user-alignment.treefile:md5,451eb6cfb704a8fa5f3b2c6b3ac5f31a",
                "multiqc_citations.txt:md5,4c806e63a283ec1b7e78cdae3a923d4f",
                "0001_UnpCCeti.query.fasta:md5,5c488d20293337218ab2e33924a06d8a",
                "0002_UnpSomer.query.fasta:md5,69a5d272ebc785c0463565bc5200111f",
                "0003_UpbRectu.query.fasta:md5,e79390aaa403add9694055fc15b9f57b",
                "0004_UxjAloci.query.fasta:md5,3fc0d6b51e14c0bd426ccde091d6565d",
                "0005_UyvCanif.query.fasta:md5,20c7d75288a7421a6311f6ed802273d1",
                "0006_UyvEquin.query.fasta:md5,bd7b005db22cfde14c61c9013f6b2dad",
                "0007_UyvGonid.query.fasta:md5,8d8d64442abbb8ad0637a9bfa1c09e9a",
                "0008_UyvMorti.query.fasta:md5,fc39f2bc3a2425c9334e9fc8a5e7c18b",
                "0009_UyvNecro.query.fasta:md5,d3f19730a5fff09fdfaa8d1122668e5e",
                "0010_UyvNecr2.query.fasta:md5,9e5e3ebc9deaa11a63b3c1dccd5b0f3b",
                "0011_UyvNecr3.query.fasta:md5,595a5febc2b8b7e94fc7940942cf3f02",
                "0012_UyvNucle.query.fasta:md5,848d85d28c293601128be7272f05a544",
                "0013_UyvNucl2.query.fasta:md5,446d3e50d6f56b615ba1355199ac3478",
                "0014_UyvNucl3.query.fasta:md5,476cfe958f10c858af5b24675ee734d1",
                "0015_UyvNucl4.query.fasta:md5,de4e3baf198c08923f7087c2d859cb2c",
                "0016_UyvNucl5.query.fasta:md5,9480fe2d771f192fece46e1f9e159840",
                "0017_UyvPerfo.query.fasta:md5,3eb19f18c63f6c23b0ddd123c7a07b9f",
                "0018_UyvPerio.query.fasta:md5,d5f22f22237b9c203ac5bc2de95b909f",
                "0019_UyvRussi.query.fasta:md5,01a44ee67e2bc1602ad8f935e5def53d",
                "0020_UyvSimia.query.fasta:md5,cb5601870cc78d277fbd1f8ac64b3f5a",
                "0021_UyvUlcer.query.fasta:md5,034a52a845f6292c404117782c76a434",
                "0022_UyvVariu.query.fasta:md5,484f22c3ce82ed50aed67d4332136a2e",
                "0023_VejInsue.query.fasta:md5,64392f9940925980425396f98f21c3e9",
                "0024_VejPolyt.query.fasta:md5,93ee154b68caa40f7a5e655cac9637f3",
                "0025_VejTarta.query.fasta:md5,0691b88b5d56696feb0a29dd2a99e2f1",
                "0026_VikBucca.query.fasta:md5,cbd88974df0396dcccc5f78dfd543a75",
                "0027_VikGoodf.query.fasta:md5,0deff533c54788c8246820c0764a775d",
                "0028_VikHofst.query.fasta:md5,f622a45975431248c9563d728a5afea5",
                "0029_VikSpeci.query.fasta:md5,284b2635902c1a76b83947e651b58bd8",
                "0030_VikShahi.query.fasta:md5,bfc2b90181ce5bc5e9736acf2495f894",
                "0031_VikTrevi.query.fasta:md5,091b1b927b87391e520c81025b645f5a",
                "0032_VikWadei.query.fasta:md5,95477de290e1506f32a614a1edc117db",
                "0033_VxsMaris.query.fasta:md5,a2fa79963bc9267ca19308976f9bb796",
                "0034_VxsModes.query.fasta:md5,76e9a68ad11bf00b45934aa31c7c4289",
                "0035_VzeAtlan.query.fasta:md5,cbf79e77afb11b8fc248d0a79d8f2756",
                "0036_WekTermi.query.fasta:md5,db33b60046f2df0c9d1bbf087612b521",
                "0037_WgeSangu.query.fasta:md5,20811133f8ba848d5ba7bf9f73a4751e",
                "0038_WicMonil.query.fasta:md5,52a78e7101e2dba73904177efd1d5841",
                "0039_DupSeq01.query.fasta:md5,03b5848494f3ae4ae679cd1dccb569b7",
                "0040_DupSeq02.query.fasta:md5,f8f95184f9b95b0ae3391499dd7b5edd",
                "0001_UnpCCeti.reference.fasta:md5,a2a80367ffbf25a0b78e96a8683a1eff",
                "0002_UnpSomer.reference.fasta:md5,36290cab39c024868393152c16714808",
                "0003_UpbRectu.reference.fasta:md5,7525ec680242dd28881cdf252b7201d5",
                "0004_UxjAloci.reference.fasta:md5,82dcea50cee2b1308d6d8d963fa17916",
                "0005_UyvCanif.reference.fasta:md5,43e24e5cbcc9c6694ca3a8bdf1a0d134",
                "0006_UyvEquin.reference.fasta:md5,497e09e60270919abf3c30bc47b45f79",
                "0007_UyvGonid.reference.fasta:md5,8520bb892b3dbefd9b9df5335d919a13",
                "0008_UyvMorti.reference.fasta:md5,908927aea0084bad1d18482e6169df58",
                "0009_UyvNecro.reference.fasta:md5,c267da621ce88f1e58b9ec1592e143ea",
                "0010_UyvNecr2.reference.fasta:md5,dba03ef128628018203b638c0ae1d1fd",
                "0011_UyvNecr3.reference.fasta:md5,78398479d8eb3a0e10d415372dd68450",
                "0012_UyvNucle.reference.fasta:md5,5605371d9ade511e67b0d75169c6d416",
                "0013_UyvNucl2.reference.fasta:md5,0eea778e915e4374b04d2f0c7d5e09aa",
                "0014_UyvNucl3.reference.fasta:md5,25e003934be9c9dc0c40e5dd8eec9245",
                "0015_UyvNucl4.reference.fasta:md5,d4f877c882f075176238fff88c3729c5",
                "0016_UyvNucl5.reference.fasta:md5,fa58d256c79d1555e82f800e54e100de",
                "0017_UyvPerfo.reference.fasta:md5,e4939c14755b05a08211e7b738ffbb8d",
                "0018_UyvPerio.reference.fasta:md5,8f7105140eef05aee905adc84f00fd1c",
                "0019_UyvRussi.reference.fasta:md5,fa5766252e4639d7800752750b7d304a",
                "0020_UyvSimia.reference.fasta:md5,d3116c08aad6e3bebb5ea7b1d5c9dc4b",
                "0021_UyvUlcer.reference.fasta:md5,3d7130e6485927f36d2a2877b2b67e14",
                "0022_UyvVariu.reference.fasta:md5,053419b303a60e51b7e0d17ee11dc3a6",
                "0023_VejInsue.reference.fasta:md5,104ad6034de50c3b874c80f2a5d1d961",
                "0024_VejPolyt.reference.fasta:md5,a2e0f0dedd79cb2ad3c9828ec4d52b7c",
                "0025_VejTarta.reference.fasta:md5,3ad97ae237c7c1eccb9e6f1764966116",
                "0026_VikBucca.reference.fasta:md5,6e7f9d5abfb1f31522cf1100136b1b7b",
                "0027_VikGoodf.reference.fasta:md5,26bc0c3d6fde787ec9b222d78cce09a5",
                "0028_VikHofst.reference.fasta:md5,2b14cf8688fc2ae253bd1c400b4b862a",
                "0029_VikSpeci.reference.fasta:md5,b7299b4f56ad3ee5129189ecb1dc2404",
                "0030_VikShahi.reference.fasta:md5,b2d3d2ee252700853f9083073fceca8e",
                "0031_VikTrevi.reference.fasta:md5,74b550d13433b3be0a7870feb6893a34",
                "0032_VikWadei.reference.fasta:md5,107f3c3f600c88b001155a2cd88abf30",
                "0033_VxsMaris.reference.fasta:md5,b370a10ec0c07c34ce62db9059f65a25",
                "0034_VxsModes.reference.fasta:md5,749863e35ddb33a29485b264c293725f",
                "0035_VzeAtlan.reference.fasta:md5,abc71af2aa2891b55684e8dc95854bad",
                "0036_WekTermi.reference.fasta:md5,3dfc2b685623f655d8bd3b1092b1242d",
                "0037_WgeSangu.reference.fasta:md5,50c8fd8a63edf0cf06c48c7178afb3d2",
                "0038_WicMonil.reference.fasta:md5,cef03b6396240192a6b55fa0c6916f99",
                "0039_DupSeq01.reference.fasta:md5,1283146fab1212292038b5697d6990d0",
                "0040_DupSeq02.reference.fasta:md5,6d472dcacae38d60fb969d85b98a9d75",
                "0001_UnpCCeti.tree.nwk:md5,b9f392aa28c199eaee94df1ec71464ea",
                "0002_UnpSomer.tree.nwk:md5,b7af206303f41efb25a8de03d56987ae",
                "0003_UpbRectu.tree.nwk:md5,5269110d90f7a643e7a12880d7321198",
                "0004_UxjAloci.tree.nwk:md5,7bbfb9acbe241628e08cd220c0ef331d",
                "0005_UyvCanif.tree.nwk:md5,f71bb642e29ced9eb082a48ce6c32d88",
                "0006_UyvEquin.tree.nwk:md5,3196a971a0b18df80a148e21433e3182",
                "0007_UyvGonid.tree.nwk:md5,5327e12baf9211f347f5958c38f15987",
                "0008_UyvMorti.tree.nwk:md5,f98d7fa06873148829c789123c700687",
                "0009_UyvNecro.tree.nwk:md5,51e2220bb90c4c5fe29c23d52cb54c71",
                "0010_UyvNecr2.tree.nwk:md5,b43da5e44aa27a7a9c4f238f5357e314",
                "0011_UyvNecr3.tree.nwk:md5,a8a25e5e925dc55a18a06005baffc69e",
                "0012_UyvNucle.tree.nwk:md5,dad9930be9d8953b6749664603ed808a",
                "0013_UyvNucl2.tree.nwk:md5,44eee465ff1d45ef6898f898c474545a",
                "0014_UyvNucl3.tree.nwk:md5,914d7b97204d7a9911fb523712cc4afd",
                "0015_UyvNucl4.tree.nwk:md5,67dbb2f02b0152284a79d185e0cdac03",
                "0016_UyvNucl5.tree.nwk:md5,ade4e2f6e129acb9d0c86182b4deaf87",
                "0017_UyvPerfo.tree.nwk:md5,641f9bf8f6c50c734f6dde614d094254",
                "0018_UyvPerio.tree.nwk:md5,3915fc07d2479d71a4456d7c952eb1d7",
                "0019_UyvRussi.tree.nwk:md5,7edb0eaf60f482210a08810035cc3724",
                "0020_UyvSimia.tree.nwk:md5,c0ac845b9fb90ca7fc953a109f9409ff",
                "0021_UyvUlcer.tree.nwk:md5,7d054df272af53cf21ad27bbb361b0a7",
                "0022_UyvVariu.tree.nwk:md5,981279ad57fd69480c160bab1a6b8894",
                "0023_VejInsue.tree.nwk:md5,fa3efe4e908133db645d4fe34ea333ec",
                "0024_VejPolyt.tree.nwk:md5,20a91022220653e66dcd89aa87d52ce7",
                "0025_VejTarta.tree.nwk:md5,5e55b13d7ea1b52f0d377b7948aac0ac",
                "0026_VikBucca.tree.nwk:md5,1008eacdcb72cf70772faef135af34d6",
                "0027_VikGoodf.tree.nwk:md5,09c6e15c6857737a26256abe2b0a2304",
                "0028_VikHofst.tree.nwk:md5,0f27875f4680f1af2055ec5eb1f18407",
                "0029_VikSpeci.tree.nwk:md5,38230d723112f8845b9cbc8f7b1ef0ce",
                "0030_VikShahi.tree.nwk:md5,bfd880c7e0e5f62de9bf4430eb89703c",
                "0031_VikTrevi.tree.nwk:md5,d8ab3af9be09226eb6b3630f5bbdd342",
                "0032_VikWadei.tree.nwk:md5,5a2cafec429fc32b37f5e493a28ee756",
                "0033_VxsMaris.tree.nwk:md5,187e262b9e09349dad7b495e5fcfe007",
                "0034_VxsModes.tree.nwk:md5,b6044ad1e62e1f40685ff9c06fe004db",
                "0035_VzeAtlan.tree.nwk:md5,b8fc721a3b1db2d24d28fd827077c387",
                "0036_WekTermi.tree.nwk:md5,c73d51a637b591ad01a06e0e7f26a603",
                "0037_WgeSangu.tree.nwk:md5,38aed98026012e1f46c0f536a7286be7",
                "0038_WicMonil.tree.nwk:md5,861bc538b762072309c41328404dfb4d",
                "0039_DupSeq01.tree.nwk:md5,fa6a9ba8804be710b0022ffc14164eb6",
                "0040_DupSeq02.tree.nwk:md5,6ed82003b06f0bcfb5afb00aa74a49a8",
                "user-alignment.mislabels.tsv:md5,e873b4f10e9e46eadfab09447079c734",
                "user-alignment.summary.txt:md5,77868617f10f823241decdd7eb520acd",
                "guide-tree.guide.nwk:md5,d02bbee02826f3322e3833fc86702e44"
            ]
        ],
        "timestamp": "2026-07-21T10:34:26.057066123",
        "meta": {
            "nf-test": "0.9.5",
            "nextflow": "26.04.6"
        }
    }
}