{
    "-profile test_clustal": {
        "content": [
            {
                "CHECKNAMECONSISTENCY": {
                    "python": "3.12.12",
                    "biopython": 1.84
                },
                "EMBOSS_SEQRET": {
                    "emboss": "6.6.0.0"
                },
                "EPANG_PLACE": {
                    "epa-ng": "0.3.8"
                },
                "IQTREE": {
                    "iqtree": "2.4.0"
                },
                "SATIVALOOSPLIT": {
                    "python": "3.12.12",
                    "biopython": 1.84
                },
                "SATIVASCORE": {
                    "python": "3.11.10"
                },
                "TAXONOMYTREE": {
                    "python": "3.11.10"
                },
                "Workflow": {
                    "nf-core/sativa": "v1.0.0dev"
                }
            },
            [
                "checknameconsistency",
                "checknameconsistency/user-alignment.checked.aln",
                "checknameconsistency/user-alignment.checked.tax",
                "emboss",
                "emboss/user-alignment.phylip",
                "epang",
                "epang/user-alignment_0001.epa_info.log",
                "epang/user-alignment_0001.epa_result.jplace.gz",
                "epang/user-alignment_0002.epa_info.log",
                "epang/user-alignment_0002.epa_result.jplace.gz",
                "epang/user-alignment_0003.epa_info.log",
                "epang/user-alignment_0003.epa_result.jplace.gz",
                "epang/user-alignment_0004.epa_info.log",
                "epang/user-alignment_0004.epa_result.jplace.gz",
                "epang/user-alignment_0005.epa_info.log",
                "epang/user-alignment_0005.epa_result.jplace.gz",
                "epang/user-alignment_0006.epa_info.log",
                "epang/user-alignment_0006.epa_result.jplace.gz",
                "epang/user-alignment_0007.epa_info.log",
                "epang/user-alignment_0007.epa_result.jplace.gz",
                "epang/user-alignment_0008.epa_info.log",
                "epang/user-alignment_0008.epa_result.jplace.gz",
                "epang/user-alignment_0009.epa_info.log",
                "epang/user-alignment_0009.epa_result.jplace.gz",
                "epang/user-alignment_0010.epa_info.log",
                "epang/user-alignment_0010.epa_result.jplace.gz",
                "epang/user-alignment_0011.epa_info.log",
                "epang/user-alignment_0011.epa_result.jplace.gz",
                "epang/user-alignment_0012.epa_info.log",
                "epang/user-alignment_0012.epa_result.jplace.gz",
                "epang/user-alignment_0013.epa_info.log",
                "epang/user-alignment_0013.epa_result.jplace.gz",
                "epang/user-alignment_0014.epa_info.log",
                "epang/user-alignment_0014.epa_result.jplace.gz",
                "epang/user-alignment_0015.epa_info.log",
                "epang/user-alignment_0015.epa_result.jplace.gz",
                "epang/user-alignment_0016.epa_info.log",
                "epang/user-alignment_0016.epa_result.jplace.gz",
                "epang/user-alignment_0017.epa_info.log",
                "epang/user-alignment_0017.epa_result.jplace.gz",
                "epang/user-alignment_0018.epa_info.log",
                "epang/user-alignment_0018.epa_result.jplace.gz",
                "epang/user-alignment_0019.epa_info.log",
                "epang/user-alignment_0019.epa_result.jplace.gz",
                "epang/user-alignment_0020.epa_info.log",
                "epang/user-alignment_0020.epa_result.jplace.gz",
                "epang/user-alignment_0021.epa_info.log",
                "epang/user-alignment_0021.epa_result.jplace.gz",
                "epang/user-alignment_0022.epa_info.log",
                "epang/user-alignment_0022.epa_result.jplace.gz",
                "epang/user-alignment_0023.epa_info.log",
                "epang/user-alignment_0023.epa_result.jplace.gz",
                "epang/user-alignment_0024.epa_info.log",
                "epang/user-alignment_0024.epa_result.jplace.gz",
                "epang/user-alignment_0025.epa_info.log",
                "epang/user-alignment_0025.epa_result.jplace.gz",
                "epang/user-alignment_0026.epa_info.log",
                "epang/user-alignment_0026.epa_result.jplace.gz",
                "epang/user-alignment_0027.epa_info.log",
                "epang/user-alignment_0027.epa_result.jplace.gz",
                "epang/user-alignment_0028.epa_info.log",
                "epang/user-alignment_0028.epa_result.jplace.gz",
                "epang/user-alignment_0029.epa_info.log",
                "epang/user-alignment_0029.epa_result.jplace.gz",
                "epang/user-alignment_0030.epa_info.log",
                "epang/user-alignment_0030.epa_result.jplace.gz",
                "epang/user-alignment_0031.epa_info.log",
                "epang/user-alignment_0031.epa_result.jplace.gz",
                "epang/user-alignment_0032.epa_info.log",
                "epang/user-alignment_0032.epa_result.jplace.gz",
                "epang/user-alignment_0033.epa_info.log",
                "epang/user-alignment_0033.epa_result.jplace.gz",
                "epang/user-alignment_0034.epa_info.log",
                "epang/user-alignment_0034.epa_result.jplace.gz",
                "epang/user-alignment_0035.epa_info.log",
                "epang/user-alignment_0035.epa_result.jplace.gz",
                "epang/user-alignment_0036.epa_info.log",
                "epang/user-alignment_0036.epa_result.jplace.gz",
                "epang/user-alignment_0037.epa_info.log",
                "epang/user-alignment_0037.epa_result.jplace.gz",
                "epang/user-alignment_0038.epa_info.log",
                "epang/user-alignment_0038.epa_result.jplace.gz",
                "epang/user-alignment_0039.epa_info.log",
                "epang/user-alignment_0039.epa_result.jplace.gz",
                "epang/user-alignment_0040.epa_info.log",
                "epang/user-alignment_0040.epa_result.jplace.gz",
                "iqtree",
                "iqtree/user-alignment.iqtree",
                "iqtree/user-alignment.log",
                "iqtree/user-alignment.treefile",
                "multiqc",
                "multiqc/multiqc_data",
                "multiqc/multiqc_data/llms-full.txt",
                "multiqc/multiqc_data/multiqc.log",
                "multiqc/multiqc_data/multiqc.parquet",
                "multiqc/multiqc_data/multiqc_citations.txt",
                "multiqc/multiqc_data/multiqc_data.json",
                "multiqc/multiqc_data/multiqc_software_versions.txt",
                "multiqc/multiqc_data/multiqc_sources.txt",
                "multiqc/multiqc_report.html",
                "pipeline_info",
                "pipeline_info/nf_core_sativa_software_mqc_versions.yml",
                "sativaloosplit",
                "sativaloosplit/queryaln",
                "sativaloosplit/queryaln/0001_UnpCCeti.query.fasta",
                "sativaloosplit/queryaln/0002_UnpSomer.query.fasta",
                "sativaloosplit/queryaln/0003_UpbRectu.query.fasta",
                "sativaloosplit/queryaln/0004_UxjAloci.query.fasta",
                "sativaloosplit/queryaln/0005_UyvCanif.query.fasta",
                "sativaloosplit/queryaln/0006_UyvEquin.query.fasta",
                "sativaloosplit/queryaln/0007_UyvGonid.query.fasta",
                "sativaloosplit/queryaln/0008_UyvMorti.query.fasta",
                "sativaloosplit/queryaln/0009_UyvNecro.query.fasta",
                "sativaloosplit/queryaln/0010_UyvNecr2.query.fasta",
                "sativaloosplit/queryaln/0011_UyvNecr3.query.fasta",
                "sativaloosplit/queryaln/0012_UyvNucle.query.fasta",
                "sativaloosplit/queryaln/0013_UyvNucl2.query.fasta",
                "sativaloosplit/queryaln/0014_UyvNucl3.query.fasta",
                "sativaloosplit/queryaln/0015_UyvNucl4.query.fasta",
                "sativaloosplit/queryaln/0016_UyvNucl5.query.fasta",
                "sativaloosplit/queryaln/0017_UyvPerfo.query.fasta",
                "sativaloosplit/queryaln/0018_UyvPerio.query.fasta",
                "sativaloosplit/queryaln/0019_UyvRussi.query.fasta",
                "sativaloosplit/queryaln/0020_UyvSimia.query.fasta",
                "sativaloosplit/queryaln/0021_UyvUlcer.query.fasta",
                "sativaloosplit/queryaln/0022_UyvVariu.query.fasta",
                "sativaloosplit/queryaln/0023_VejInsue.query.fasta",
                "sativaloosplit/queryaln/0024_VejPolyt.query.fasta",
                "sativaloosplit/queryaln/0025_VejTarta.query.fasta",
                "sativaloosplit/queryaln/0026_VikBucca.query.fasta",
                "sativaloosplit/queryaln/0027_VikGoodf.query.fasta",
                "sativaloosplit/queryaln/0028_VikHofst.query.fasta",
                "sativaloosplit/queryaln/0029_VikSpeci.query.fasta",
                "sativaloosplit/queryaln/0030_VikShahi.query.fasta",
                "sativaloosplit/queryaln/0031_VikTrevi.query.fasta",
                "sativaloosplit/queryaln/0032_VikWadei.query.fasta",
                "sativaloosplit/queryaln/0033_VxsMaris.query.fasta",
                "sativaloosplit/queryaln/0034_VxsModes.query.fasta",
                "sativaloosplit/queryaln/0035_VzeAtlan.query.fasta",
                "sativaloosplit/queryaln/0036_WekTermi.query.fasta",
                "sativaloosplit/queryaln/0037_WgeSangu.query.fasta",
                "sativaloosplit/queryaln/0038_WicMonil.query.fasta",
                "sativaloosplit/queryaln/0039_DupSeq01.query.fasta",
                "sativaloosplit/queryaln/0040_DupSeq02.query.fasta",
                "sativaloosplit/referencealn",
                "sativaloosplit/referencealn/0001_UnpCCeti.reference.fasta",
                "sativaloosplit/referencealn/0002_UnpSomer.reference.fasta",
                "sativaloosplit/referencealn/0003_UpbRectu.reference.fasta",
                "sativaloosplit/referencealn/0004_UxjAloci.reference.fasta",
                "sativaloosplit/referencealn/0005_UyvCanif.reference.fasta",
                "sativaloosplit/referencealn/0006_UyvEquin.reference.fasta",
                "sativaloosplit/referencealn/0007_UyvGonid.reference.fasta",
                "sativaloosplit/referencealn/0008_UyvMorti.reference.fasta",
                "sativaloosplit/referencealn/0009_UyvNecro.reference.fasta",
                "sativaloosplit/referencealn/0010_UyvNecr2.reference.fasta",
                "sativaloosplit/referencealn/0011_UyvNecr3.reference.fasta",
                "sativaloosplit/referencealn/0012_UyvNucle.reference.fasta",
                "sativaloosplit/referencealn/0013_UyvNucl2.reference.fasta",
                "sativaloosplit/referencealn/0014_UyvNucl3.reference.fasta",
                "sativaloosplit/referencealn/0015_UyvNucl4.reference.fasta",
                "sativaloosplit/referencealn/0016_UyvNucl5.reference.fasta",
                "sativaloosplit/referencealn/0017_UyvPerfo.reference.fasta",
                "sativaloosplit/referencealn/0018_UyvPerio.reference.fasta",
                "sativaloosplit/referencealn/0019_UyvRussi.reference.fasta",
                "sativaloosplit/referencealn/0020_UyvSimia.reference.fasta",
                "sativaloosplit/referencealn/0021_UyvUlcer.reference.fasta",
                "sativaloosplit/referencealn/0022_UyvVariu.reference.fasta",
                "sativaloosplit/referencealn/0023_VejInsue.reference.fasta",
                "sativaloosplit/referencealn/0024_VejPolyt.reference.fasta",
                "sativaloosplit/referencealn/0025_VejTarta.reference.fasta",
                "sativaloosplit/referencealn/0026_VikBucca.reference.fasta",
                "sativaloosplit/referencealn/0027_VikGoodf.reference.fasta",
                "sativaloosplit/referencealn/0028_VikHofst.reference.fasta",
                "sativaloosplit/referencealn/0029_VikSpeci.reference.fasta",
                "sativaloosplit/referencealn/0030_VikShahi.reference.fasta",
                "sativaloosplit/referencealn/0031_VikTrevi.reference.fasta",
                "sativaloosplit/referencealn/0032_VikWadei.reference.fasta",
                "sativaloosplit/referencealn/0033_VxsMaris.reference.fasta",
                "sativaloosplit/referencealn/0034_VxsModes.reference.fasta",
                "sativaloosplit/referencealn/0035_VzeAtlan.reference.fasta",
                "sativaloosplit/referencealn/0036_WekTermi.reference.fasta",
                "sativaloosplit/referencealn/0037_WgeSangu.reference.fasta",
                "sativaloosplit/referencealn/0038_WicMonil.reference.fasta",
                "sativaloosplit/referencealn/0039_DupSeq01.reference.fasta",
                "sativaloosplit/referencealn/0040_DupSeq02.reference.fasta",
                "sativaloosplit/referencetree",
                "sativaloosplit/referencetree/0001_UnpCCeti.tree.nwk",
                "sativaloosplit/referencetree/0002_UnpSomer.tree.nwk",
                "sativaloosplit/referencetree/0003_UpbRectu.tree.nwk",
                "sativaloosplit/referencetree/0004_UxjAloci.tree.nwk",
                "sativaloosplit/referencetree/0005_UyvCanif.tree.nwk",
                "sativaloosplit/referencetree/0006_UyvEquin.tree.nwk",
                "sativaloosplit/referencetree/0007_UyvGonid.tree.nwk",
                "sativaloosplit/referencetree/0008_UyvMorti.tree.nwk",
                "sativaloosplit/referencetree/0009_UyvNecro.tree.nwk",
                "sativaloosplit/referencetree/0010_UyvNecr2.tree.nwk",
                "sativaloosplit/referencetree/0011_UyvNecr3.tree.nwk",
                "sativaloosplit/referencetree/0012_UyvNucle.tree.nwk",
                "sativaloosplit/referencetree/0013_UyvNucl2.tree.nwk",
                "sativaloosplit/referencetree/0014_UyvNucl3.tree.nwk",
                "sativaloosplit/referencetree/0015_UyvNucl4.tree.nwk",
                "sativaloosplit/referencetree/0016_UyvNucl5.tree.nwk",
                "sativaloosplit/referencetree/0017_UyvPerfo.tree.nwk",
                "sativaloosplit/referencetree/0018_UyvPerio.tree.nwk",
                "sativaloosplit/referencetree/0019_UyvRussi.tree.nwk",
                "sativaloosplit/referencetree/0020_UyvSimia.tree.nwk",
                "sativaloosplit/referencetree/0021_UyvUlcer.tree.nwk",
                "sativaloosplit/referencetree/0022_UyvVariu.tree.nwk",
                "sativaloosplit/referencetree/0023_VejInsue.tree.nwk",
                "sativaloosplit/referencetree/0024_VejPolyt.tree.nwk",
                "sativaloosplit/referencetree/0025_VejTarta.tree.nwk",
                "sativaloosplit/referencetree/0026_VikBucca.tree.nwk",
                "sativaloosplit/referencetree/0027_VikGoodf.tree.nwk",
                "sativaloosplit/referencetree/0028_VikHofst.tree.nwk",
                "sativaloosplit/referencetree/0029_VikSpeci.tree.nwk",
                "sativaloosplit/referencetree/0030_VikShahi.tree.nwk",
                "sativaloosplit/referencetree/0031_VikTrevi.tree.nwk",
                "sativaloosplit/referencetree/0032_VikWadei.tree.nwk",
                "sativaloosplit/referencetree/0033_VxsMaris.tree.nwk",
                "sativaloosplit/referencetree/0034_VxsModes.tree.nwk",
                "sativaloosplit/referencetree/0035_VzeAtlan.tree.nwk",
                "sativaloosplit/referencetree/0036_WekTermi.tree.nwk",
                "sativaloosplit/referencetree/0037_WgeSangu.tree.nwk",
                "sativaloosplit/referencetree/0038_WicMonil.tree.nwk",
                "sativaloosplit/referencetree/0039_DupSeq01.tree.nwk",
                "sativaloosplit/referencetree/0040_DupSeq02.tree.nwk",
                "sativascore",
                "sativascore/user-alignment.mislabels.tsv",
                "sativascore/user-alignment.summary.txt",
                "taxonomytree",
                "taxonomytree/guide-tree.guide.nwk"
            ],
            [
                "user-alignment.checked.aln:md5,472b9c04745fbae25485a58673c56386",
                "user-alignment.checked.tax:md5,f634269ab9aea1616bf9b76758f6cd44",
                "user-alignment.phylip:md5,461192d309b8f9c87bb21f4dcb5c250f",
                "user-alignment_0001.epa_info.log:md5,dd8e2391115f81108da925c7b875760d",
                "user-alignment_0001.epa_result.jplace.gz:md5,400bcd6f7c7f7b1a7a7779356c0ee967",
                "user-alignment_0002.epa_info.log:md5,ab3f478085af3169da0215f1061229bf",
                "user-alignment_0002.epa_result.jplace.gz:md5,b54a57d84449cdb4ddd3d77fc0b2f20f",
                "user-alignment_0003.epa_info.log:md5,2449862e139f08f15fb2f532251d033e",
                "user-alignment_0003.epa_result.jplace.gz:md5,c39461f925cf090a295b739b67aa10a7",
                "user-alignment_0004.epa_info.log:md5,061999b697e3da725587a0bb771e1761",
                "user-alignment_0004.epa_result.jplace.gz:md5,348becdc0d6be795ed23b189595ca0e2",
                "user-alignment_0005.epa_info.log:md5,382d8e1fdf41172d276e25e308fd14b2",
                "user-alignment_0005.epa_result.jplace.gz:md5,a05be2be5918fca8015604d03305fc99",
                "user-alignment_0006.epa_info.log:md5,ff19ee3935a6201763227d9d97f55b14",
                "user-alignment_0006.epa_result.jplace.gz:md5,c66743f7381fd07a385f08ad4977051c",
                "user-alignment_0007.epa_info.log:md5,7ea9e425bc27fdf046049624d9cef63a",
                "user-alignment_0007.epa_result.jplace.gz:md5,585d046ba7ff99d539a0547feb5dd40b",
                "user-alignment_0008.epa_info.log:md5,156cd4a7240222fe76127b67374beea9",
                "user-alignment_0008.epa_result.jplace.gz:md5,7634ac83b27e50f7b35d494414af3ae5",
                "user-alignment_0009.epa_info.log:md5,63a428491fd2e41679bf89cb8c22bd8b",
                "user-alignment_0009.epa_result.jplace.gz:md5,faf987a8c6aa8fe02845c5ae346bcaf1",
                "user-alignment_0010.epa_info.log:md5,48fcb479e6ebf6f7d23304f5edcd6dc2",
                "user-alignment_0010.epa_result.jplace.gz:md5,029ad62b6ce63638d3e60d6bb6bdf983",
                "user-alignment_0011.epa_info.log:md5,59747b322839fe73c33fdddb49fb7dd0",
                "user-alignment_0011.epa_result.jplace.gz:md5,76f33f728169a52a420c6064c58f4aeb",
                "user-alignment_0012.epa_info.log:md5,f06ec8d995fef78f17a60e0170a85b54",
                "user-alignment_0012.epa_result.jplace.gz:md5,0e7513a2697eb68bc3dd1ec53f874bc8",
                "user-alignment_0013.epa_info.log:md5,7de6dfd52106d4bf4a7e856068b915b2",
                "user-alignment_0013.epa_result.jplace.gz:md5,4c7787cda33eca26f4a25fd461b56650",
                "user-alignment_0014.epa_info.log:md5,5ba3bb042ed025086598847482e6ff1a",
                "user-alignment_0014.epa_result.jplace.gz:md5,049cc57bf7728141a0c3a3179cb7724d",
                "user-alignment_0015.epa_info.log:md5,004e322a9e2ad8660065365491412424",
                "user-alignment_0015.epa_result.jplace.gz:md5,5d2fadc69894e5fad7da9328543a377e",
                "user-alignment_0016.epa_info.log:md5,d4948c21979215401e61b39f7e9fb605",
                "user-alignment_0016.epa_result.jplace.gz:md5,3b36baf05b43f863150029c6968d06ac",
                "user-alignment_0017.epa_info.log:md5,8b62151b942f38599df10ca2a4e86c33",
                "user-alignment_0017.epa_result.jplace.gz:md5,e26bb72446eb1791f128168067ba687b",
                "user-alignment_0018.epa_info.log:md5,4aa6cedbdbbdf2efaef339bec6b48882",
                "user-alignment_0018.epa_result.jplace.gz:md5,117cfbf907b0de79122078af845c44e2",
                "user-alignment_0019.epa_info.log:md5,ec9ec85c74ce6f01422531c727c8b890",
                "user-alignment_0019.epa_result.jplace.gz:md5,62a8126d7c4afce3f2c915e9d91dcbc0",
                "user-alignment_0020.epa_info.log:md5,f8d985701b74c8b5427e9303ed76b180",
                "user-alignment_0020.epa_result.jplace.gz:md5,5815658b5c7e4771d8680197302a6357",
                "user-alignment_0021.epa_info.log:md5,481ed544dc55484dbed4a060c2078d88",
                "user-alignment_0021.epa_result.jplace.gz:md5,d5eb16a4c085f21315afa6e472750dab",
                "user-alignment_0022.epa_info.log:md5,30c84e5c08e0cfff7755569bfa2f07e2",
                "user-alignment_0022.epa_result.jplace.gz:md5,b98d324b76e67129d9637c618bc5f0f7",
                "user-alignment_0023.epa_info.log:md5,a0e41a194fa9c1143bceab25e228ae42",
                "user-alignment_0023.epa_result.jplace.gz:md5,3f9c64070142950b4f7c1e69fd565988",
                "user-alignment_0024.epa_info.log:md5,a84fbe19dda3f7d6091cb709d8ee628a",
                "user-alignment_0024.epa_result.jplace.gz:md5,2f5d926863e80ece167e898499a32329",
                "user-alignment_0025.epa_info.log:md5,30cc3843d22959bcd3b5058f1ede1f96",
                "user-alignment_0025.epa_result.jplace.gz:md5,44ddbee7a2651085af4be170fe5546d9",
                "user-alignment_0026.epa_info.log:md5,52ee50b3f0b7516ce0b0111f991bdbd7",
                "user-alignment_0026.epa_result.jplace.gz:md5,21c45a7f8b0abb285cc39c273b699d73",
                "user-alignment_0027.epa_info.log:md5,979ea3bee46e8d617832bd089581149b",
                "user-alignment_0027.epa_result.jplace.gz:md5,4aea0c9a4d988944d19e6467696403c2",
                "user-alignment_0028.epa_info.log:md5,51109ce2eae37bd9dbfb968435192743",
                "user-alignment_0028.epa_result.jplace.gz:md5,95940672341ec2c337e2ac167e8ff416",
                "user-alignment_0029.epa_info.log:md5,479135ebc6c78cb559a1fdb56906d4de",
                "user-alignment_0029.epa_result.jplace.gz:md5,711cd009650f11fe28319d2dc65ff21f",
                "user-alignment_0030.epa_info.log:md5,7370bb8c2bd9302a2a98e6701b325566",
                "user-alignment_0030.epa_result.jplace.gz:md5,6ac0a3890aadfa6247bb69d552e37fae",
                "user-alignment_0031.epa_info.log:md5,0caefce23aef77b613e9178991248d8a",
                "user-alignment_0031.epa_result.jplace.gz:md5,5851ef28e5aadfb4c7a0aa34069bd7fa",
                "user-alignment_0032.epa_info.log:md5,3207f7d9aeb829eee39b9174b8b267fb",
                "user-alignment_0032.epa_result.jplace.gz:md5,0ff2b6b1e1687ba628f7f83bad728b8c",
                "user-alignment_0033.epa_info.log:md5,80aad2b004e49d6b79bb61879647d226",
                "user-alignment_0033.epa_result.jplace.gz:md5,abe77e104c5d097cbd38f66d1bf2fe25",
                "user-alignment_0034.epa_info.log:md5,420c01e1298f2172bf7b295607ade3fa",
                "user-alignment_0034.epa_result.jplace.gz:md5,a1df2dc68096c5f5e8d039c6a98c639b",
                "user-alignment_0035.epa_info.log:md5,c588982906766ffe46a0e3a7ade4be61",
                "user-alignment_0035.epa_result.jplace.gz:md5,b7b55ca90532257d738771f4d79f5d61",
                "user-alignment_0036.epa_info.log:md5,634a64f94a57a0c0af028f2cb3f4d22d",
                "user-alignment_0036.epa_result.jplace.gz:md5,c5349ce29a452459ee47e3b136d39bb2",
                "user-alignment_0037.epa_info.log:md5,2485f5260376ca747c1fbc5e313c5bbf",
                "user-alignment_0037.epa_result.jplace.gz:md5,877c719d911a5e7ad02c99eb97ba6219",
                "user-alignment_0038.epa_info.log:md5,49670dee7e05b5173127f535097d54cc",
                "user-alignment_0038.epa_result.jplace.gz:md5,f769ca59bc5904f7472c5de90d6fc6b6",
                "user-alignment_0039.epa_info.log:md5,6e36fc65b5cd324b5ca2bde8786ca540",
                "user-alignment_0039.epa_result.jplace.gz:md5,5e12d6bea2395c659181d7ddbab621cb",
                "user-alignment_0040.epa_info.log:md5,ff4a3977d5d3b57aa13f16d24302b893",
                "user-alignment_0040.epa_result.jplace.gz:md5,7f2a5730c615139324a61d3bc17896d1",
                "user-alignment.iqtree:md5,5aa615817aa34b9a13375ef292d0603a",
                "user-alignment.log:md5,3d2bff29332dfc0ee278f219bf5d095f",
                "user-alignment.treefile:md5,c976fac18dd53f5dca1c5eb4a70fea5a",
                "multiqc_citations.txt:md5,4c806e63a283ec1b7e78cdae3a923d4f",
                "0001_UnpCCeti.query.fasta:md5,5c488d20293337218ab2e33924a06d8a",
                "0002_UnpSomer.query.fasta:md5,69a5d272ebc785c0463565bc5200111f",
                "0003_UpbRectu.query.fasta:md5,e79390aaa403add9694055fc15b9f57b",
                "0004_UxjAloci.query.fasta:md5,3fc0d6b51e14c0bd426ccde091d6565d",
                "0005_UyvCanif.query.fasta:md5,20c7d75288a7421a6311f6ed802273d1",
                "0006_UyvEquin.query.fasta:md5,bd7b005db22cfde14c61c9013f6b2dad",
                "0007_UyvGonid.query.fasta:md5,8d8d64442abbb8ad0637a9bfa1c09e9a",
                "0008_UyvMorti.query.fasta:md5,fc39f2bc3a2425c9334e9fc8a5e7c18b",
                "0009_UyvNecro.query.fasta:md5,d3f19730a5fff09fdfaa8d1122668e5e",
                "0010_UyvNecr2.query.fasta:md5,9e5e3ebc9deaa11a63b3c1dccd5b0f3b",
                "0011_UyvNecr3.query.fasta:md5,595a5febc2b8b7e94fc7940942cf3f02",
                "0012_UyvNucle.query.fasta:md5,848d85d28c293601128be7272f05a544",
                "0013_UyvNucl2.query.fasta:md5,446d3e50d6f56b615ba1355199ac3478",
                "0014_UyvNucl3.query.fasta:md5,476cfe958f10c858af5b24675ee734d1",
                "0015_UyvNucl4.query.fasta:md5,de4e3baf198c08923f7087c2d859cb2c",
                "0016_UyvNucl5.query.fasta:md5,9480fe2d771f192fece46e1f9e159840",
                "0017_UyvPerfo.query.fasta:md5,3eb19f18c63f6c23b0ddd123c7a07b9f",
                "0018_UyvPerio.query.fasta:md5,d5f22f22237b9c203ac5bc2de95b909f",
                "0019_UyvRussi.query.fasta:md5,01a44ee67e2bc1602ad8f935e5def53d",
                "0020_UyvSimia.query.fasta:md5,cb5601870cc78d277fbd1f8ac64b3f5a",
                "0021_UyvUlcer.query.fasta:md5,034a52a845f6292c404117782c76a434",
                "0022_UyvVariu.query.fasta:md5,484f22c3ce82ed50aed67d4332136a2e",
                "0023_VejInsue.query.fasta:md5,64392f9940925980425396f98f21c3e9",
                "0024_VejPolyt.query.fasta:md5,93ee154b68caa40f7a5e655cac9637f3",
                "0025_VejTarta.query.fasta:md5,0691b88b5d56696feb0a29dd2a99e2f1",
                "0026_VikBucca.query.fasta:md5,cbd88974df0396dcccc5f78dfd543a75",
                "0027_VikGoodf.query.fasta:md5,0deff533c54788c8246820c0764a775d",
                "0028_VikHofst.query.fasta:md5,f622a45975431248c9563d728a5afea5",
                "0029_VikSpeci.query.fasta:md5,284b2635902c1a76b83947e651b58bd8",
                "0030_VikShahi.query.fasta:md5,bfc2b90181ce5bc5e9736acf2495f894",
                "0031_VikTrevi.query.fasta:md5,091b1b927b87391e520c81025b645f5a",
                "0032_VikWadei.query.fasta:md5,95477de290e1506f32a614a1edc117db",
                "0033_VxsMaris.query.fasta:md5,a2fa79963bc9267ca19308976f9bb796",
                "0034_VxsModes.query.fasta:md5,76e9a68ad11bf00b45934aa31c7c4289",
                "0035_VzeAtlan.query.fasta:md5,cbf79e77afb11b8fc248d0a79d8f2756",
                "0036_WekTermi.query.fasta:md5,db33b60046f2df0c9d1bbf087612b521",
                "0037_WgeSangu.query.fasta:md5,20811133f8ba848d5ba7bf9f73a4751e",
                "0038_WicMonil.query.fasta:md5,52a78e7101e2dba73904177efd1d5841",
                "0039_DupSeq01.query.fasta:md5,03b5848494f3ae4ae679cd1dccb569b7",
                "0040_DupSeq02.query.fasta:md5,f8f95184f9b95b0ae3391499dd7b5edd",
                "0001_UnpCCeti.reference.fasta:md5,a2a80367ffbf25a0b78e96a8683a1eff",
                "0002_UnpSomer.reference.fasta:md5,36290cab39c024868393152c16714808",
                "0003_UpbRectu.reference.fasta:md5,7525ec680242dd28881cdf252b7201d5",
                "0004_UxjAloci.reference.fasta:md5,82dcea50cee2b1308d6d8d963fa17916",
                "0005_UyvCanif.reference.fasta:md5,43e24e5cbcc9c6694ca3a8bdf1a0d134",
                "0006_UyvEquin.reference.fasta:md5,497e09e60270919abf3c30bc47b45f79",
                "0007_UyvGonid.reference.fasta:md5,8520bb892b3dbefd9b9df5335d919a13",
                "0008_UyvMorti.reference.fasta:md5,908927aea0084bad1d18482e6169df58",
                "0009_UyvNecro.reference.fasta:md5,c267da621ce88f1e58b9ec1592e143ea",
                "0010_UyvNecr2.reference.fasta:md5,dba03ef128628018203b638c0ae1d1fd",
                "0011_UyvNecr3.reference.fasta:md5,78398479d8eb3a0e10d415372dd68450",
                "0012_UyvNucle.reference.fasta:md5,5605371d9ade511e67b0d75169c6d416",
                "0013_UyvNucl2.reference.fasta:md5,0eea778e915e4374b04d2f0c7d5e09aa",
                "0014_UyvNucl3.reference.fasta:md5,25e003934be9c9dc0c40e5dd8eec9245",
                "0015_UyvNucl4.reference.fasta:md5,d4f877c882f075176238fff88c3729c5",
                "0016_UyvNucl5.reference.fasta:md5,fa58d256c79d1555e82f800e54e100de",
                "0017_UyvPerfo.reference.fasta:md5,e4939c14755b05a08211e7b738ffbb8d",
                "0018_UyvPerio.reference.fasta:md5,8f7105140eef05aee905adc84f00fd1c",
                "0019_UyvRussi.reference.fasta:md5,fa5766252e4639d7800752750b7d304a",
                "0020_UyvSimia.reference.fasta:md5,d3116c08aad6e3bebb5ea7b1d5c9dc4b",
                "0021_UyvUlcer.reference.fasta:md5,3d7130e6485927f36d2a2877b2b67e14",
                "0022_UyvVariu.reference.fasta:md5,053419b303a60e51b7e0d17ee11dc3a6",
                "0023_VejInsue.reference.fasta:md5,104ad6034de50c3b874c80f2a5d1d961",
                "0024_VejPolyt.reference.fasta:md5,a2e0f0dedd79cb2ad3c9828ec4d52b7c",
                "0025_VejTarta.reference.fasta:md5,3ad97ae237c7c1eccb9e6f1764966116",
                "0026_VikBucca.reference.fasta:md5,6e7f9d5abfb1f31522cf1100136b1b7b",
                "0027_VikGoodf.reference.fasta:md5,26bc0c3d6fde787ec9b222d78cce09a5",
                "0028_VikHofst.reference.fasta:md5,2b14cf8688fc2ae253bd1c400b4b862a",
                "0029_VikSpeci.reference.fasta:md5,b7299b4f56ad3ee5129189ecb1dc2404",
                "0030_VikShahi.reference.fasta:md5,b2d3d2ee252700853f9083073fceca8e",
                "0031_VikTrevi.reference.fasta:md5,74b550d13433b3be0a7870feb6893a34",
                "0032_VikWadei.reference.fasta:md5,107f3c3f600c88b001155a2cd88abf30",
                "0033_VxsMaris.reference.fasta:md5,b370a10ec0c07c34ce62db9059f65a25",
                "0034_VxsModes.reference.fasta:md5,749863e35ddb33a29485b264c293725f",
                "0035_VzeAtlan.reference.fasta:md5,abc71af2aa2891b55684e8dc95854bad",
                "0036_WekTermi.reference.fasta:md5,3dfc2b685623f655d8bd3b1092b1242d",
                "0037_WgeSangu.reference.fasta:md5,50c8fd8a63edf0cf06c48c7178afb3d2",
                "0038_WicMonil.reference.fasta:md5,cef03b6396240192a6b55fa0c6916f99",
                "0039_DupSeq01.reference.fasta:md5,1283146fab1212292038b5697d6990d0",
                "0040_DupSeq02.reference.fasta:md5,6d472dcacae38d60fb969d85b98a9d75",
                "0001_UnpCCeti.tree.nwk:md5,c9a5d850503faedc1f7e3cf565cd77fe",
                "0002_UnpSomer.tree.nwk:md5,3d74506964706c8841cfa2a4ec35ad1b",
                "0003_UpbRectu.tree.nwk:md5,ecaf7994b114a0c5a788693b18f8947a",
                "0004_UxjAloci.tree.nwk:md5,4f916ce624957c0659f5519e3dcaa37e",
                "0005_UyvCanif.tree.nwk:md5,5a21cef547208e7ac0b457be2686ebc7",
                "0006_UyvEquin.tree.nwk:md5,7c279bf088f8e14bdea5f2d06d27b4c9",
                "0007_UyvGonid.tree.nwk:md5,73c534736c06e543162f8d706568a491",
                "0008_UyvMorti.tree.nwk:md5,ee40aec6ad267b86d78343690c70c3a1",
                "0009_UyvNecro.tree.nwk:md5,a0c2f9ca2fd9f216f9f5914413e4066a",
                "0010_UyvNecr2.tree.nwk:md5,234f3754fc51d9b66ccdfb88a9b15c83",
                "0011_UyvNecr3.tree.nwk:md5,76ee3d9e92511d18334c9c96605454aa",
                "0012_UyvNucle.tree.nwk:md5,12242744ae0fc89cd0a13eedc8a5a1e0",
                "0013_UyvNucl2.tree.nwk:md5,0b0721b320ede1833f1a9e4935dda3cc",
                "0014_UyvNucl3.tree.nwk:md5,7212f5079842d0a0b40d5fe21bdd7c20",
                "0015_UyvNucl4.tree.nwk:md5,9f94e1ebac83a481b658fca661425fac",
                "0016_UyvNucl5.tree.nwk:md5,6187c6369c0f0520de3b0490b2baf1ae",
                "0017_UyvPerfo.tree.nwk:md5,7a0c7487bb3a8a22f484417b37a5195f",
                "0018_UyvPerio.tree.nwk:md5,750ad049a03dada10a152908191a8a12",
                "0019_UyvRussi.tree.nwk:md5,211f6d6debeeb4b63c508e60f9355e2a",
                "0020_UyvSimia.tree.nwk:md5,7b522a9c5d9f89b521a51bc68d7dd30d",
                "0021_UyvUlcer.tree.nwk:md5,e15d9806351ad8d2442222b83cf6443d",
                "0022_UyvVariu.tree.nwk:md5,16c6f14727b134addc9cd61e652daec0",
                "0023_VejInsue.tree.nwk:md5,dbe854c9658714a376267983379a2c7d",
                "0024_VejPolyt.tree.nwk:md5,c51c28f88cca98e270fb315ddf1e0423",
                "0025_VejTarta.tree.nwk:md5,79056d9cbc1ed2a91c7371e784664d11",
                "0026_VikBucca.tree.nwk:md5,2c1923a222dab726617b22e1c12e8508",
                "0027_VikGoodf.tree.nwk:md5,7f509be019a44a47473292d57009fdd3",
                "0028_VikHofst.tree.nwk:md5,2338415dc27cd6ddfb4f46469c92a5f2",
                "0029_VikSpeci.tree.nwk:md5,e696054c57ac53fbfb7a67f420e5f790",
                "0030_VikShahi.tree.nwk:md5,9b0d45518f80652861ea9c619bad3f73",
                "0031_VikTrevi.tree.nwk:md5,b6dd4b25fce77e02d043d3e85c85c3fb",
                "0032_VikWadei.tree.nwk:md5,422a215bad65f4ca6846493b8448bce7",
                "0033_VxsMaris.tree.nwk:md5,65845c8200427e9baa6ad9d7cef815b6",
                "0034_VxsModes.tree.nwk:md5,276df807bcb33df2e2e1cb17877f2ed4",
                "0035_VzeAtlan.tree.nwk:md5,6ee2d42b8cb199e99f8e2d289fc0fb44",
                "0036_WekTermi.tree.nwk:md5,40ae9fc1af5e7df0e676680497f77c47",
                "0037_WgeSangu.tree.nwk:md5,1137b48ff2ff303cd1f689c9aa2c1fbe",
                "0038_WicMonil.tree.nwk:md5,fc07270845b6dc370a157b51eadd5da5",
                "0039_DupSeq01.tree.nwk:md5,095a9c1627bd1148880f8910752dfa74",
                "0040_DupSeq02.tree.nwk:md5,eeac2e07ec60128d5e584931a216c13d",
                "user-alignment.mislabels.tsv:md5,115bccabdafb8a3757d7f9bfd269767d",
                "user-alignment.summary.txt:md5,70b7c0e43a5e891e954eed5de5dbddb7",
                "guide-tree.guide.nwk:md5,d02bbee02826f3322e3833fc86702e44"
            ]
        ],
        "timestamp": "2026-07-22T16:21:56.290945892",
        "meta": {
            "nf-test": "0.9.5",
            "nextflow": "26.04.6"
        }
    }
}