{
    "-profile test": {
        "content": [
            {
                "EMBOSS_SEQRET": {
                    "emboss": "6.6.0.0"
                },
                "EPANG_PLACE": {
                    "epa-ng": "0.3.8"
                },
                "IQTREE": {
                    "iqtree": "2.4.0"
                },
                "SATIVALOOSPLIT": {
                    "python": "3.12.12",
                    "biopython": 1.84
                },
                "SATIVASCORE": {
                    "python": "3.11.10"
                },
                "TAXONOMYTREE": {
                    "python": "3.11.10"
                },
                "Workflow": {
                    "nf-core/sativa": "v1.0.0dev"
                }
            },
            [
                "emboss",
                "emboss/user-alignment.phylip",
                "epang",
                "epang/user-alignment_0001.epa_info.log",
                "epang/user-alignment_0001.epa_result.jplace.gz",
                "epang/user-alignment_0002.epa_info.log",
                "epang/user-alignment_0002.epa_result.jplace.gz",
                "epang/user-alignment_0003.epa_info.log",
                "epang/user-alignment_0003.epa_result.jplace.gz",
                "epang/user-alignment_0004.epa_info.log",
                "epang/user-alignment_0004.epa_result.jplace.gz",
                "epang/user-alignment_0005.epa_info.log",
                "epang/user-alignment_0005.epa_result.jplace.gz",
                "epang/user-alignment_0006.epa_info.log",
                "epang/user-alignment_0006.epa_result.jplace.gz",
                "epang/user-alignment_0007.epa_info.log",
                "epang/user-alignment_0007.epa_result.jplace.gz",
                "epang/user-alignment_0008.epa_info.log",
                "epang/user-alignment_0008.epa_result.jplace.gz",
                "epang/user-alignment_0009.epa_info.log",
                "epang/user-alignment_0009.epa_result.jplace.gz",
                "epang/user-alignment_0010.epa_info.log",
                "epang/user-alignment_0010.epa_result.jplace.gz",
                "epang/user-alignment_0011.epa_info.log",
                "epang/user-alignment_0011.epa_result.jplace.gz",
                "epang/user-alignment_0012.epa_info.log",
                "epang/user-alignment_0012.epa_result.jplace.gz",
                "epang/user-alignment_0013.epa_info.log",
                "epang/user-alignment_0013.epa_result.jplace.gz",
                "epang/user-alignment_0014.epa_info.log",
                "epang/user-alignment_0014.epa_result.jplace.gz",
                "epang/user-alignment_0015.epa_info.log",
                "epang/user-alignment_0015.epa_result.jplace.gz",
                "epang/user-alignment_0016.epa_info.log",
                "epang/user-alignment_0016.epa_result.jplace.gz",
                "epang/user-alignment_0017.epa_info.log",
                "epang/user-alignment_0017.epa_result.jplace.gz",
                "epang/user-alignment_0018.epa_info.log",
                "epang/user-alignment_0018.epa_result.jplace.gz",
                "epang/user-alignment_0019.epa_info.log",
                "epang/user-alignment_0019.epa_result.jplace.gz",
                "epang/user-alignment_0020.epa_info.log",
                "epang/user-alignment_0020.epa_result.jplace.gz",
                "epang/user-alignment_0021.epa_info.log",
                "epang/user-alignment_0021.epa_result.jplace.gz",
                "epang/user-alignment_0022.epa_info.log",
                "epang/user-alignment_0022.epa_result.jplace.gz",
                "epang/user-alignment_0023.epa_info.log",
                "epang/user-alignment_0023.epa_result.jplace.gz",
                "epang/user-alignment_0024.epa_info.log",
                "epang/user-alignment_0024.epa_result.jplace.gz",
                "epang/user-alignment_0025.epa_info.log",
                "epang/user-alignment_0025.epa_result.jplace.gz",
                "epang/user-alignment_0026.epa_info.log",
                "epang/user-alignment_0026.epa_result.jplace.gz",
                "epang/user-alignment_0027.epa_info.log",
                "epang/user-alignment_0027.epa_result.jplace.gz",
                "epang/user-alignment_0028.epa_info.log",
                "epang/user-alignment_0028.epa_result.jplace.gz",
                "epang/user-alignment_0029.epa_info.log",
                "epang/user-alignment_0029.epa_result.jplace.gz",
                "epang/user-alignment_0030.epa_info.log",
                "epang/user-alignment_0030.epa_result.jplace.gz",
                "epang/user-alignment_0031.epa_info.log",
                "epang/user-alignment_0031.epa_result.jplace.gz",
                "epang/user-alignment_0032.epa_info.log",
                "epang/user-alignment_0032.epa_result.jplace.gz",
                "epang/user-alignment_0033.epa_info.log",
                "epang/user-alignment_0033.epa_result.jplace.gz",
                "epang/user-alignment_0034.epa_info.log",
                "epang/user-alignment_0034.epa_result.jplace.gz",
                "epang/user-alignment_0035.epa_info.log",
                "epang/user-alignment_0035.epa_result.jplace.gz",
                "epang/user-alignment_0036.epa_info.log",
                "epang/user-alignment_0036.epa_result.jplace.gz",
                "epang/user-alignment_0037.epa_info.log",
                "epang/user-alignment_0037.epa_result.jplace.gz",
                "epang/user-alignment_0038.epa_info.log",
                "epang/user-alignment_0038.epa_result.jplace.gz",
                "epang/user-alignment_0039.epa_info.log",
                "epang/user-alignment_0039.epa_result.jplace.gz",
                "epang/user-alignment_0040.epa_info.log",
                "epang/user-alignment_0040.epa_result.jplace.gz",
                "iqtree",
                "iqtree/user-alignment.iqtree",
                "iqtree/user-alignment.log",
                "iqtree/user-alignment.treefile",
                "multiqc",
                "multiqc/multiqc_data",
                "multiqc/multiqc_data/llms-full.txt",
                "multiqc/multiqc_data/multiqc.log",
                "multiqc/multiqc_data/multiqc.parquet",
                "multiqc/multiqc_data/multiqc_citations.txt",
                "multiqc/multiqc_data/multiqc_data.json",
                "multiqc/multiqc_data/multiqc_software_versions.txt",
                "multiqc/multiqc_data/multiqc_sources.txt",
                "multiqc/multiqc_report.html",
                "pipeline_info",
                "pipeline_info/nf_core_sativa_software_mqc_versions.yml",
                "sativaloosplit",
                "sativaloosplit/queryaln",
                "sativaloosplit/queryaln/0001_UnpCCeti.query.fasta",
                "sativaloosplit/queryaln/0002_UnpSomer.query.fasta",
                "sativaloosplit/queryaln/0003_UpbRectu.query.fasta",
                "sativaloosplit/queryaln/0004_UxjAloci.query.fasta",
                "sativaloosplit/queryaln/0005_UyvCanif.query.fasta",
                "sativaloosplit/queryaln/0006_UyvEquin.query.fasta",
                "sativaloosplit/queryaln/0007_UyvGonid.query.fasta",
                "sativaloosplit/queryaln/0008_UyvMorti.query.fasta",
                "sativaloosplit/queryaln/0009_UyvNecro.query.fasta",
                "sativaloosplit/queryaln/0010_UyvNecr2.query.fasta",
                "sativaloosplit/queryaln/0011_UyvNecr3.query.fasta",
                "sativaloosplit/queryaln/0012_UyvNucle.query.fasta",
                "sativaloosplit/queryaln/0013_UyvNucl2.query.fasta",
                "sativaloosplit/queryaln/0014_UyvNucl3.query.fasta",
                "sativaloosplit/queryaln/0015_UyvNucl4.query.fasta",
                "sativaloosplit/queryaln/0016_UyvNucl5.query.fasta",
                "sativaloosplit/queryaln/0017_UyvPerfo.query.fasta",
                "sativaloosplit/queryaln/0018_UyvPerio.query.fasta",
                "sativaloosplit/queryaln/0019_UyvRussi.query.fasta",
                "sativaloosplit/queryaln/0020_UyvSimia.query.fasta",
                "sativaloosplit/queryaln/0021_UyvUlcer.query.fasta",
                "sativaloosplit/queryaln/0022_UyvVariu.query.fasta",
                "sativaloosplit/queryaln/0023_VejInsue.query.fasta",
                "sativaloosplit/queryaln/0024_VejPolyt.query.fasta",
                "sativaloosplit/queryaln/0025_VejTarta.query.fasta",
                "sativaloosplit/queryaln/0026_VikBucca.query.fasta",
                "sativaloosplit/queryaln/0027_VikGoodf.query.fasta",
                "sativaloosplit/queryaln/0028_VikHofst.query.fasta",
                "sativaloosplit/queryaln/0029_VikSpeci.query.fasta",
                "sativaloosplit/queryaln/0030_VikShahi.query.fasta",
                "sativaloosplit/queryaln/0031_VikTrevi.query.fasta",
                "sativaloosplit/queryaln/0032_VikWadei.query.fasta",
                "sativaloosplit/queryaln/0033_VxsMaris.query.fasta",
                "sativaloosplit/queryaln/0034_VxsModes.query.fasta",
                "sativaloosplit/queryaln/0035_VzeAtlan.query.fasta",
                "sativaloosplit/queryaln/0036_WekTermi.query.fasta",
                "sativaloosplit/queryaln/0037_WgeSangu.query.fasta",
                "sativaloosplit/queryaln/0038_WicMonil.query.fasta",
                "sativaloosplit/queryaln/0039_DupSeq01.query.fasta",
                "sativaloosplit/queryaln/0040_DupSeq02.query.fasta",
                "sativaloosplit/referencealn",
                "sativaloosplit/referencealn/0001_UnpCCeti.reference.fasta",
                "sativaloosplit/referencealn/0002_UnpSomer.reference.fasta",
                "sativaloosplit/referencealn/0003_UpbRectu.reference.fasta",
                "sativaloosplit/referencealn/0004_UxjAloci.reference.fasta",
                "sativaloosplit/referencealn/0005_UyvCanif.reference.fasta",
                "sativaloosplit/referencealn/0006_UyvEquin.reference.fasta",
                "sativaloosplit/referencealn/0007_UyvGonid.reference.fasta",
                "sativaloosplit/referencealn/0008_UyvMorti.reference.fasta",
                "sativaloosplit/referencealn/0009_UyvNecro.reference.fasta",
                "sativaloosplit/referencealn/0010_UyvNecr2.reference.fasta",
                "sativaloosplit/referencealn/0011_UyvNecr3.reference.fasta",
                "sativaloosplit/referencealn/0012_UyvNucle.reference.fasta",
                "sativaloosplit/referencealn/0013_UyvNucl2.reference.fasta",
                "sativaloosplit/referencealn/0014_UyvNucl3.reference.fasta",
                "sativaloosplit/referencealn/0015_UyvNucl4.reference.fasta",
                "sativaloosplit/referencealn/0016_UyvNucl5.reference.fasta",
                "sativaloosplit/referencealn/0017_UyvPerfo.reference.fasta",
                "sativaloosplit/referencealn/0018_UyvPerio.reference.fasta",
                "sativaloosplit/referencealn/0019_UyvRussi.reference.fasta",
                "sativaloosplit/referencealn/0020_UyvSimia.reference.fasta",
                "sativaloosplit/referencealn/0021_UyvUlcer.reference.fasta",
                "sativaloosplit/referencealn/0022_UyvVariu.reference.fasta",
                "sativaloosplit/referencealn/0023_VejInsue.reference.fasta",
                "sativaloosplit/referencealn/0024_VejPolyt.reference.fasta",
                "sativaloosplit/referencealn/0025_VejTarta.reference.fasta",
                "sativaloosplit/referencealn/0026_VikBucca.reference.fasta",
                "sativaloosplit/referencealn/0027_VikGoodf.reference.fasta",
                "sativaloosplit/referencealn/0028_VikHofst.reference.fasta",
                "sativaloosplit/referencealn/0029_VikSpeci.reference.fasta",
                "sativaloosplit/referencealn/0030_VikShahi.reference.fasta",
                "sativaloosplit/referencealn/0031_VikTrevi.reference.fasta",
                "sativaloosplit/referencealn/0032_VikWadei.reference.fasta",
                "sativaloosplit/referencealn/0033_VxsMaris.reference.fasta",
                "sativaloosplit/referencealn/0034_VxsModes.reference.fasta",
                "sativaloosplit/referencealn/0035_VzeAtlan.reference.fasta",
                "sativaloosplit/referencealn/0036_WekTermi.reference.fasta",
                "sativaloosplit/referencealn/0037_WgeSangu.reference.fasta",
                "sativaloosplit/referencealn/0038_WicMonil.reference.fasta",
                "sativaloosplit/referencealn/0039_DupSeq01.reference.fasta",
                "sativaloosplit/referencealn/0040_DupSeq02.reference.fasta",
                "sativaloosplit/referencetree",
                "sativaloosplit/referencetree/0001_UnpCCeti.tree.nwk",
                "sativaloosplit/referencetree/0002_UnpSomer.tree.nwk",
                "sativaloosplit/referencetree/0003_UpbRectu.tree.nwk",
                "sativaloosplit/referencetree/0004_UxjAloci.tree.nwk",
                "sativaloosplit/referencetree/0005_UyvCanif.tree.nwk",
                "sativaloosplit/referencetree/0006_UyvEquin.tree.nwk",
                "sativaloosplit/referencetree/0007_UyvGonid.tree.nwk",
                "sativaloosplit/referencetree/0008_UyvMorti.tree.nwk",
                "sativaloosplit/referencetree/0009_UyvNecro.tree.nwk",
                "sativaloosplit/referencetree/0010_UyvNecr2.tree.nwk",
                "sativaloosplit/referencetree/0011_UyvNecr3.tree.nwk",
                "sativaloosplit/referencetree/0012_UyvNucle.tree.nwk",
                "sativaloosplit/referencetree/0013_UyvNucl2.tree.nwk",
                "sativaloosplit/referencetree/0014_UyvNucl3.tree.nwk",
                "sativaloosplit/referencetree/0015_UyvNucl4.tree.nwk",
                "sativaloosplit/referencetree/0016_UyvNucl5.tree.nwk",
                "sativaloosplit/referencetree/0017_UyvPerfo.tree.nwk",
                "sativaloosplit/referencetree/0018_UyvPerio.tree.nwk",
                "sativaloosplit/referencetree/0019_UyvRussi.tree.nwk",
                "sativaloosplit/referencetree/0020_UyvSimia.tree.nwk",
                "sativaloosplit/referencetree/0021_UyvUlcer.tree.nwk",
                "sativaloosplit/referencetree/0022_UyvVariu.tree.nwk",
                "sativaloosplit/referencetree/0023_VejInsue.tree.nwk",
                "sativaloosplit/referencetree/0024_VejPolyt.tree.nwk",
                "sativaloosplit/referencetree/0025_VejTarta.tree.nwk",
                "sativaloosplit/referencetree/0026_VikBucca.tree.nwk",
                "sativaloosplit/referencetree/0027_VikGoodf.tree.nwk",
                "sativaloosplit/referencetree/0028_VikHofst.tree.nwk",
                "sativaloosplit/referencetree/0029_VikSpeci.tree.nwk",
                "sativaloosplit/referencetree/0030_VikShahi.tree.nwk",
                "sativaloosplit/referencetree/0031_VikTrevi.tree.nwk",
                "sativaloosplit/referencetree/0032_VikWadei.tree.nwk",
                "sativaloosplit/referencetree/0033_VxsMaris.tree.nwk",
                "sativaloosplit/referencetree/0034_VxsModes.tree.nwk",
                "sativaloosplit/referencetree/0035_VzeAtlan.tree.nwk",
                "sativaloosplit/referencetree/0036_WekTermi.tree.nwk",
                "sativaloosplit/referencetree/0037_WgeSangu.tree.nwk",
                "sativaloosplit/referencetree/0038_WicMonil.tree.nwk",
                "sativaloosplit/referencetree/0039_DupSeq01.tree.nwk",
                "sativaloosplit/referencetree/0040_DupSeq02.tree.nwk",
                "sativascore",
                "sativascore/user-alignment.mislabels.tsv",
                "sativascore/user-alignment.summary.txt",
                "taxonomytree",
                "taxonomytree/guide-tree.guide.nwk"
            ],
            [
                "user-alignment.phylip:md5,461192d309b8f9c87bb21f4dcb5c250f",
                "user-alignment_0001.epa_info.log:md5,17f926625610de41b69efe079db61a0a",
                "user-alignment_0001.epa_result.jplace.gz:md5,e3a6dc2dda8f6ab63a863deee9e7f882",
                "user-alignment_0002.epa_info.log:md5,21117af6c8639dfda4fd9e05a17a46f7",
                "user-alignment_0002.epa_result.jplace.gz:md5,c471d70f821a67f42e57c1cfdfb12463",
                "user-alignment_0003.epa_info.log:md5,717f2c8a5536a20e2b79760245028835",
                "user-alignment_0003.epa_result.jplace.gz:md5,bbb8b8c1d2e8a9ad19c1d1ce3b49eaf7",
                "user-alignment_0004.epa_info.log:md5,5a43c0219f53eda46191fd175ef8c8dd",
                "user-alignment_0004.epa_result.jplace.gz:md5,4dcdf1be9802a7c962b4e75c9e9306e7",
                "user-alignment_0005.epa_info.log:md5,79da7cd9eda5d6bb7f60a230fe67f8ef",
                "user-alignment_0005.epa_result.jplace.gz:md5,d854538180e0475ed993b24bb1987c21",
                "user-alignment_0006.epa_info.log:md5,186eb5c4df9d388096de3cc4d3376a61",
                "user-alignment_0006.epa_result.jplace.gz:md5,77d1851dfba9364284e963ba4e24503a",
                "user-alignment_0007.epa_info.log:md5,f839843c0dea459ec738ab6e3e15c283",
                "user-alignment_0007.epa_result.jplace.gz:md5,8e5d5ffb3936c0a2a935bbb9c3076389",
                "user-alignment_0008.epa_info.log:md5,e0d472f882dae1f175f9937483fedc84",
                "user-alignment_0008.epa_result.jplace.gz:md5,63a4afd5e49a9749a0daca9f5757bbdf",
                "user-alignment_0009.epa_info.log:md5,8d3365de817d983c50c857f63040a758",
                "user-alignment_0009.epa_result.jplace.gz:md5,01a07b8fe557ef121d39656c6fe15fd7",
                "user-alignment_0010.epa_info.log:md5,f0493909b646c94058e13827d2f686f2",
                "user-alignment_0010.epa_result.jplace.gz:md5,99eb699c32af3d4295eadb22f8ea0b39",
                "user-alignment_0011.epa_info.log:md5,b90facb7706fa9ee0fadf73008f5f584",
                "user-alignment_0011.epa_result.jplace.gz:md5,61c35fb911e42a817761db17334341f2",
                "user-alignment_0012.epa_info.log:md5,c6b2644c659543a3158969abacd7245c",
                "user-alignment_0012.epa_result.jplace.gz:md5,0813f7ef8f2e91237062268129438762",
                "user-alignment_0013.epa_info.log:md5,72856293004587bd55206b570f8ba53e",
                "user-alignment_0013.epa_result.jplace.gz:md5,002e765b262505f52e9e7470e90bfc00",
                "user-alignment_0014.epa_info.log:md5,201d09e201221612a92a26c36a49dddb",
                "user-alignment_0014.epa_result.jplace.gz:md5,c0b6a74a30c2aefffb4387f48de96564",
                "user-alignment_0015.epa_info.log:md5,375e07f0dcfc9920751d32deed387139",
                "user-alignment_0015.epa_result.jplace.gz:md5,b5d320ccbd7d84dfbdc0e93ffab35c79",
                "user-alignment_0016.epa_info.log:md5,244ccece28bbb05e3cdebc706bb5e4b3",
                "user-alignment_0016.epa_result.jplace.gz:md5,c10a5981879f51911993722835cc5618",
                "user-alignment_0017.epa_info.log:md5,fad18877989f4e884e001b3ce4856e5a",
                "user-alignment_0017.epa_result.jplace.gz:md5,b5907bb38878e1bc139b85ed601ea624",
                "user-alignment_0018.epa_info.log:md5,704d155313b1eb3da470ca02babba3ee",
                "user-alignment_0018.epa_result.jplace.gz:md5,f45550c6c8ecce86fab7cbd71f33babd",
                "user-alignment_0019.epa_info.log:md5,600f92b0c9972e48769ba5cb90aab4db",
                "user-alignment_0019.epa_result.jplace.gz:md5,eb403e5be7a421912ff2b9954406d4cd",
                "user-alignment_0020.epa_info.log:md5,b3d714c3e558e78524289de5591e62d3",
                "user-alignment_0020.epa_result.jplace.gz:md5,2940ac4f46662f92ccd377122f1b6dd6",
                "user-alignment_0021.epa_info.log:md5,974bad0ae194cd13929c32605fb8f1b4",
                "user-alignment_0021.epa_result.jplace.gz:md5,102343307cba478812582e89a26f547f",
                "user-alignment_0022.epa_info.log:md5,70b3fe2f50d51c6bc5219630aa0227e5",
                "user-alignment_0022.epa_result.jplace.gz:md5,2405d207730bfe90ce1a76926bc08ddc",
                "user-alignment_0023.epa_info.log:md5,c5981211ec1fb33e1e08747db27e14fc",
                "user-alignment_0023.epa_result.jplace.gz:md5,5c4762f0f1ef577fd3c5da8d5ef8e454",
                "user-alignment_0024.epa_info.log:md5,5f01a455e3aff92910f9357db263b3f5",
                "user-alignment_0024.epa_result.jplace.gz:md5,e78bc4c29083257b24307fc34ee0c82a",
                "user-alignment_0025.epa_info.log:md5,ce985e91dd6e6a5d5904a27a16797710",
                "user-alignment_0025.epa_result.jplace.gz:md5,076896ae4ffc5b1a82f8f97e057737d3",
                "user-alignment_0026.epa_info.log:md5,3e98135b0921dd5561a08d93bede7357",
                "user-alignment_0026.epa_result.jplace.gz:md5,4da049d9c1eafb68682da32acfe7453f",
                "user-alignment_0027.epa_info.log:md5,d294fb0ac4025dfd90826d477ccfeb46",
                "user-alignment_0027.epa_result.jplace.gz:md5,561749fb9643f2aa1949f3d55f49318f",
                "user-alignment_0028.epa_info.log:md5,7a6a312de19821a10819521e3045565e",
                "user-alignment_0028.epa_result.jplace.gz:md5,9ac8a6822bae83190c7eba13c753416d",
                "user-alignment_0029.epa_info.log:md5,2ddaf93e12c921c1512eb12e2894bb5a",
                "user-alignment_0029.epa_result.jplace.gz:md5,034aeeac10257bd9cba52f5c22041b3c",
                "user-alignment_0030.epa_info.log:md5,6d0ea936721b9858d462c6daeb711fc6",
                "user-alignment_0030.epa_result.jplace.gz:md5,7dee58a30cb661f0cf8eb5f42d4401e2",
                "user-alignment_0031.epa_info.log:md5,8db486f37ce5495e231c34aa12efb1e1",
                "user-alignment_0031.epa_result.jplace.gz:md5,ec33eb342b6c72487e01052f81887fe0",
                "user-alignment_0032.epa_info.log:md5,f0d6633585da5d5702fc867350b7823c",
                "user-alignment_0032.epa_result.jplace.gz:md5,33f7a09f8bc2b39b4557aea840f5a6fc",
                "user-alignment_0033.epa_info.log:md5,d38b9bf63b5601378ddba106c87ecf1a",
                "user-alignment_0033.epa_result.jplace.gz:md5,7dcef3d21e382b50aed4f22079f5e108",
                "user-alignment_0034.epa_info.log:md5,13fa27cfb5a8ef192ebce27dddc9cf2f",
                "user-alignment_0034.epa_result.jplace.gz:md5,fd80ee81e55ffd9ee5ab097c8169d44c",
                "user-alignment_0035.epa_info.log:md5,602c54bdda6cd575f006353468da5376",
                "user-alignment_0035.epa_result.jplace.gz:md5,ee3b5c42770ccb81115def51074996b9",
                "user-alignment_0036.epa_info.log:md5,0d42967ab3550472cb0a7b1ae33aaf4f",
                "user-alignment_0036.epa_result.jplace.gz:md5,94b3d1b6d2364b812e3bb07ad9c460a7",
                "user-alignment_0037.epa_info.log:md5,421e44fc1754a46ff54320218be174ca",
                "user-alignment_0037.epa_result.jplace.gz:md5,d64c31c8f739965216ce3e2253167cec",
                "user-alignment_0038.epa_info.log:md5,ce38279b73d896a7dc1d43ad2e13ca53",
                "user-alignment_0038.epa_result.jplace.gz:md5,0350ca3e7c0957bdbd9844b2972de8a3",
                "user-alignment_0039.epa_info.log:md5,bc1f8e0978c989ab5f8871ec6dd64dab",
                "user-alignment_0039.epa_result.jplace.gz:md5,aca8083e456457477f5f0abf1727ccc9",
                "user-alignment_0040.epa_info.log:md5,039c1de5c6e4818e0710ffa108f71c9e",
                "user-alignment_0040.epa_result.jplace.gz:md5,686a099eaf9b59caa5338690eefc1421",
                "user-alignment.iqtree:md5,5f7f6d3fbfe43a1e9ef43a9ab4e59053",
                "user-alignment.log:md5,c77f897c53da6dd98660e998d655d975",
                "user-alignment.treefile:md5,2f4cf35e0a079adf434a1530a5753fbf",
                "multiqc_citations.txt:md5,4c806e63a283ec1b7e78cdae3a923d4f",
                "0001_UnpCCeti.query.fasta:md5,5c488d20293337218ab2e33924a06d8a",
                "0002_UnpSomer.query.fasta:md5,69a5d272ebc785c0463565bc5200111f",
                "0003_UpbRectu.query.fasta:md5,e79390aaa403add9694055fc15b9f57b",
                "0004_UxjAloci.query.fasta:md5,3fc0d6b51e14c0bd426ccde091d6565d",
                "0005_UyvCanif.query.fasta:md5,20c7d75288a7421a6311f6ed802273d1",
                "0006_UyvEquin.query.fasta:md5,bd7b005db22cfde14c61c9013f6b2dad",
                "0007_UyvGonid.query.fasta:md5,8d8d64442abbb8ad0637a9bfa1c09e9a",
                "0008_UyvMorti.query.fasta:md5,fc39f2bc3a2425c9334e9fc8a5e7c18b",
                "0009_UyvNecro.query.fasta:md5,d3f19730a5fff09fdfaa8d1122668e5e",
                "0010_UyvNecr2.query.fasta:md5,9e5e3ebc9deaa11a63b3c1dccd5b0f3b",
                "0011_UyvNecr3.query.fasta:md5,595a5febc2b8b7e94fc7940942cf3f02",
                "0012_UyvNucle.query.fasta:md5,848d85d28c293601128be7272f05a544",
                "0013_UyvNucl2.query.fasta:md5,446d3e50d6f56b615ba1355199ac3478",
                "0014_UyvNucl3.query.fasta:md5,476cfe958f10c858af5b24675ee734d1",
                "0015_UyvNucl4.query.fasta:md5,de4e3baf198c08923f7087c2d859cb2c",
                "0016_UyvNucl5.query.fasta:md5,9480fe2d771f192fece46e1f9e159840",
                "0017_UyvPerfo.query.fasta:md5,3eb19f18c63f6c23b0ddd123c7a07b9f",
                "0018_UyvPerio.query.fasta:md5,d5f22f22237b9c203ac5bc2de95b909f",
                "0019_UyvRussi.query.fasta:md5,01a44ee67e2bc1602ad8f935e5def53d",
                "0020_UyvSimia.query.fasta:md5,cb5601870cc78d277fbd1f8ac64b3f5a",
                "0021_UyvUlcer.query.fasta:md5,034a52a845f6292c404117782c76a434",
                "0022_UyvVariu.query.fasta:md5,484f22c3ce82ed50aed67d4332136a2e",
                "0023_VejInsue.query.fasta:md5,64392f9940925980425396f98f21c3e9",
                "0024_VejPolyt.query.fasta:md5,93ee154b68caa40f7a5e655cac9637f3",
                "0025_VejTarta.query.fasta:md5,0691b88b5d56696feb0a29dd2a99e2f1",
                "0026_VikBucca.query.fasta:md5,cbd88974df0396dcccc5f78dfd543a75",
                "0027_VikGoodf.query.fasta:md5,0deff533c54788c8246820c0764a775d",
                "0028_VikHofst.query.fasta:md5,f622a45975431248c9563d728a5afea5",
                "0029_VikSpeci.query.fasta:md5,284b2635902c1a76b83947e651b58bd8",
                "0030_VikShahi.query.fasta:md5,bfc2b90181ce5bc5e9736acf2495f894",
                "0031_VikTrevi.query.fasta:md5,091b1b927b87391e520c81025b645f5a",
                "0032_VikWadei.query.fasta:md5,95477de290e1506f32a614a1edc117db",
                "0033_VxsMaris.query.fasta:md5,a2fa79963bc9267ca19308976f9bb796",
                "0034_VxsModes.query.fasta:md5,76e9a68ad11bf00b45934aa31c7c4289",
                "0035_VzeAtlan.query.fasta:md5,cbf79e77afb11b8fc248d0a79d8f2756",
                "0036_WekTermi.query.fasta:md5,db33b60046f2df0c9d1bbf087612b521",
                "0037_WgeSangu.query.fasta:md5,20811133f8ba848d5ba7bf9f73a4751e",
                "0038_WicMonil.query.fasta:md5,52a78e7101e2dba73904177efd1d5841",
                "0039_DupSeq01.query.fasta:md5,03b5848494f3ae4ae679cd1dccb569b7",
                "0040_DupSeq02.query.fasta:md5,f8f95184f9b95b0ae3391499dd7b5edd",
                "0001_UnpCCeti.reference.fasta:md5,a2a80367ffbf25a0b78e96a8683a1eff",
                "0002_UnpSomer.reference.fasta:md5,36290cab39c024868393152c16714808",
                "0003_UpbRectu.reference.fasta:md5,7525ec680242dd28881cdf252b7201d5",
                "0004_UxjAloci.reference.fasta:md5,82dcea50cee2b1308d6d8d963fa17916",
                "0005_UyvCanif.reference.fasta:md5,43e24e5cbcc9c6694ca3a8bdf1a0d134",
                "0006_UyvEquin.reference.fasta:md5,497e09e60270919abf3c30bc47b45f79",
                "0007_UyvGonid.reference.fasta:md5,8520bb892b3dbefd9b9df5335d919a13",
                "0008_UyvMorti.reference.fasta:md5,908927aea0084bad1d18482e6169df58",
                "0009_UyvNecro.reference.fasta:md5,c267da621ce88f1e58b9ec1592e143ea",
                "0010_UyvNecr2.reference.fasta:md5,dba03ef128628018203b638c0ae1d1fd",
                "0011_UyvNecr3.reference.fasta:md5,78398479d8eb3a0e10d415372dd68450",
                "0012_UyvNucle.reference.fasta:md5,5605371d9ade511e67b0d75169c6d416",
                "0013_UyvNucl2.reference.fasta:md5,0eea778e915e4374b04d2f0c7d5e09aa",
                "0014_UyvNucl3.reference.fasta:md5,25e003934be9c9dc0c40e5dd8eec9245",
                "0015_UyvNucl4.reference.fasta:md5,d4f877c882f075176238fff88c3729c5",
                "0016_UyvNucl5.reference.fasta:md5,fa58d256c79d1555e82f800e54e100de",
                "0017_UyvPerfo.reference.fasta:md5,e4939c14755b05a08211e7b738ffbb8d",
                "0018_UyvPerio.reference.fasta:md5,8f7105140eef05aee905adc84f00fd1c",
                "0019_UyvRussi.reference.fasta:md5,fa5766252e4639d7800752750b7d304a",
                "0020_UyvSimia.reference.fasta:md5,d3116c08aad6e3bebb5ea7b1d5c9dc4b",
                "0021_UyvUlcer.reference.fasta:md5,3d7130e6485927f36d2a2877b2b67e14",
                "0022_UyvVariu.reference.fasta:md5,053419b303a60e51b7e0d17ee11dc3a6",
                "0023_VejInsue.reference.fasta:md5,104ad6034de50c3b874c80f2a5d1d961",
                "0024_VejPolyt.reference.fasta:md5,a2e0f0dedd79cb2ad3c9828ec4d52b7c",
                "0025_VejTarta.reference.fasta:md5,3ad97ae237c7c1eccb9e6f1764966116",
                "0026_VikBucca.reference.fasta:md5,6e7f9d5abfb1f31522cf1100136b1b7b",
                "0027_VikGoodf.reference.fasta:md5,26bc0c3d6fde787ec9b222d78cce09a5",
                "0028_VikHofst.reference.fasta:md5,2b14cf8688fc2ae253bd1c400b4b862a",
                "0029_VikSpeci.reference.fasta:md5,b7299b4f56ad3ee5129189ecb1dc2404",
                "0030_VikShahi.reference.fasta:md5,b2d3d2ee252700853f9083073fceca8e",
                "0031_VikTrevi.reference.fasta:md5,74b550d13433b3be0a7870feb6893a34",
                "0032_VikWadei.reference.fasta:md5,107f3c3f600c88b001155a2cd88abf30",
                "0033_VxsMaris.reference.fasta:md5,b370a10ec0c07c34ce62db9059f65a25",
                "0034_VxsModes.reference.fasta:md5,749863e35ddb33a29485b264c293725f",
                "0035_VzeAtlan.reference.fasta:md5,abc71af2aa2891b55684e8dc95854bad",
                "0036_WekTermi.reference.fasta:md5,3dfc2b685623f655d8bd3b1092b1242d",
                "0037_WgeSangu.reference.fasta:md5,50c8fd8a63edf0cf06c48c7178afb3d2",
                "0038_WicMonil.reference.fasta:md5,cef03b6396240192a6b55fa0c6916f99",
                "0039_DupSeq01.reference.fasta:md5,1283146fab1212292038b5697d6990d0",
                "0040_DupSeq02.reference.fasta:md5,6d472dcacae38d60fb969d85b98a9d75",
                "0001_UnpCCeti.tree.nwk:md5,960d1a4359852f265b9f122730ae6bf1",
                "0002_UnpSomer.tree.nwk:md5,01b1d1dc5cb07f85529b90f3b063a0c3",
                "0003_UpbRectu.tree.nwk:md5,3754f6ec3b90bcc55f107865d1a102d0",
                "0004_UxjAloci.tree.nwk:md5,25cf0a661e200cfdf65f42b3cfc9fc9e",
                "0005_UyvCanif.tree.nwk:md5,d316560b6807d32e858baf16a826f8b7",
                "0006_UyvEquin.tree.nwk:md5,410cb388552ef6ee81ebe2afeafa16e7",
                "0007_UyvGonid.tree.nwk:md5,8ffec00302ed8f39eb7067d20c63173d",
                "0008_UyvMorti.tree.nwk:md5,bfc0d70e904071eb0037ee8d2eb34599",
                "0009_UyvNecro.tree.nwk:md5,c4e4f188828334e3f822ebe3beae7908",
                "0010_UyvNecr2.tree.nwk:md5,21938f51f802a913099511d0a4236347",
                "0011_UyvNecr3.tree.nwk:md5,427cc0605d7b39de36b9b1b1f576ffe4",
                "0012_UyvNucle.tree.nwk:md5,7cc4902ae24523379bc35e211370e19b",
                "0013_UyvNucl2.tree.nwk:md5,25f03a581789ec99d74441b81e089286",
                "0014_UyvNucl3.tree.nwk:md5,05e8bba63cf4f4d68c3b5ee37b98a0c4",
                "0015_UyvNucl4.tree.nwk:md5,eb071614ebe124998942a68780cd2be1",
                "0016_UyvNucl5.tree.nwk:md5,9c5e002558e470c07e8e2622d630d3aa",
                "0017_UyvPerfo.tree.nwk:md5,869caeca08f94fcdf52a8aa9aa278f03",
                "0018_UyvPerio.tree.nwk:md5,5334ab10bdde0a872fd877b7d34d47de",
                "0019_UyvRussi.tree.nwk:md5,95c8feb6136693fcd491914a95c83db4",
                "0020_UyvSimia.tree.nwk:md5,f282eff9968feafa7112fd690f496715",
                "0021_UyvUlcer.tree.nwk:md5,084d9da8a624af14a7b3aab55992e8c2",
                "0022_UyvVariu.tree.nwk:md5,cdf1d43d519c518f32a8ed7ad936df92",
                "0023_VejInsue.tree.nwk:md5,097a164027119c9e75b432e0bad6ab00",
                "0024_VejPolyt.tree.nwk:md5,470e7f0db77d4ff1e62ef5194395bc7d",
                "0025_VejTarta.tree.nwk:md5,927106ea01809777d3d01d2c516a2418",
                "0026_VikBucca.tree.nwk:md5,1597a755017aefd5bd337ece21b222b5",
                "0027_VikGoodf.tree.nwk:md5,bb777e52a55d858384bcd891a3268cd9",
                "0028_VikHofst.tree.nwk:md5,e87c1327b984078825d1c250945b540c",
                "0029_VikSpeci.tree.nwk:md5,96a1d0a4b3742caba1bd227c3dcc1562",
                "0030_VikShahi.tree.nwk:md5,49f7a76969fd0de70508a9ef0b3aa6d8",
                "0031_VikTrevi.tree.nwk:md5,48a4ebceed3cd4253e73be73be7cfb28",
                "0032_VikWadei.tree.nwk:md5,3d309faa60cf4759010471dfdfcbf633",
                "0033_VxsMaris.tree.nwk:md5,7a2efe329318b42c6aa2c18b17a5d2df",
                "0034_VxsModes.tree.nwk:md5,e89503ef2f97d0bb8d9bf2d7393369ec",
                "0035_VzeAtlan.tree.nwk:md5,ed31f36baa2210e32a5a63368a9d2f2c",
                "0036_WekTermi.tree.nwk:md5,43dba04206e8a18153b350d0adbdeb22",
                "0037_WgeSangu.tree.nwk:md5,0467473d98bcd3ff39385f39341b96e1",
                "0038_WicMonil.tree.nwk:md5,2c97c8cc76aeef24f803a7512ded02d2",
                "0039_DupSeq01.tree.nwk:md5,2710b38b8f7828d0d18d13ff5452094f",
                "0040_DupSeq02.tree.nwk:md5,7860f8767f0a7644e9c44b641b74d6cb",
                "user-alignment.mislabels.tsv:md5,16efba3735f5b32ed8b16bfc9f0c7fda",
                "user-alignment.summary.txt:md5,77868617f10f823241decdd7eb520acd",
                "guide-tree.guide.nwk:md5,d02bbee02826f3322e3833fc86702e44"
            ]
        ],
        "timestamp": "2026-07-21T10:36:59.121249967",
        "meta": {
            "nf-test": "0.9.5",
            "nextflow": "26.04.6"
        }
    }
}