{
    "-profile test": {
        "content": [
            {
                "CHECKNAMECONSISTENCY": {
                    "python": "3.12.12",
                    "biopython": 1.84
                },
                "EMBOSS_SEQRET": {
                    "emboss": "6.6.0.0"
                },
                "EPANG_PLACE": {
                    "epa-ng": "0.3.8"
                },
                "IQTREE": {
                    "iqtree": "2.4.0"
                },
                "SATIVALOOSPLIT": {
                    "python": "3.12.12",
                    "biopython": 1.84
                },
                "SATIVASCORE": {
                    "python": "3.11.10"
                },
                "TAXONOMYTREE": {
                    "python": "3.11.10"
                },
                "Workflow": {
                    "nf-core/sativa": "v1.0.0dev"
                }
            },
            [
                "checknameconsistency",
                "checknameconsistency/user-alignment.checked.phy",
                "checknameconsistency/user-alignment.checked.tax",
                "emboss",
                "emboss/user-alignment.phylip",
                "epang",
                "epang/user-alignment_0001.epa_info.log",
                "epang/user-alignment_0001.epa_result.jplace.gz",
                "epang/user-alignment_0002.epa_info.log",
                "epang/user-alignment_0002.epa_result.jplace.gz",
                "epang/user-alignment_0003.epa_info.log",
                "epang/user-alignment_0003.epa_result.jplace.gz",
                "epang/user-alignment_0004.epa_info.log",
                "epang/user-alignment_0004.epa_result.jplace.gz",
                "epang/user-alignment_0005.epa_info.log",
                "epang/user-alignment_0005.epa_result.jplace.gz",
                "epang/user-alignment_0006.epa_info.log",
                "epang/user-alignment_0006.epa_result.jplace.gz",
                "epang/user-alignment_0007.epa_info.log",
                "epang/user-alignment_0007.epa_result.jplace.gz",
                "epang/user-alignment_0008.epa_info.log",
                "epang/user-alignment_0008.epa_result.jplace.gz",
                "epang/user-alignment_0009.epa_info.log",
                "epang/user-alignment_0009.epa_result.jplace.gz",
                "epang/user-alignment_0010.epa_info.log",
                "epang/user-alignment_0010.epa_result.jplace.gz",
                "epang/user-alignment_0011.epa_info.log",
                "epang/user-alignment_0011.epa_result.jplace.gz",
                "epang/user-alignment_0012.epa_info.log",
                "epang/user-alignment_0012.epa_result.jplace.gz",
                "epang/user-alignment_0013.epa_info.log",
                "epang/user-alignment_0013.epa_result.jplace.gz",
                "epang/user-alignment_0014.epa_info.log",
                "epang/user-alignment_0014.epa_result.jplace.gz",
                "epang/user-alignment_0015.epa_info.log",
                "epang/user-alignment_0015.epa_result.jplace.gz",
                "epang/user-alignment_0016.epa_info.log",
                "epang/user-alignment_0016.epa_result.jplace.gz",
                "epang/user-alignment_0017.epa_info.log",
                "epang/user-alignment_0017.epa_result.jplace.gz",
                "epang/user-alignment_0018.epa_info.log",
                "epang/user-alignment_0018.epa_result.jplace.gz",
                "epang/user-alignment_0019.epa_info.log",
                "epang/user-alignment_0019.epa_result.jplace.gz",
                "epang/user-alignment_0020.epa_info.log",
                "epang/user-alignment_0020.epa_result.jplace.gz",
                "epang/user-alignment_0021.epa_info.log",
                "epang/user-alignment_0021.epa_result.jplace.gz",
                "epang/user-alignment_0022.epa_info.log",
                "epang/user-alignment_0022.epa_result.jplace.gz",
                "epang/user-alignment_0023.epa_info.log",
                "epang/user-alignment_0023.epa_result.jplace.gz",
                "epang/user-alignment_0024.epa_info.log",
                "epang/user-alignment_0024.epa_result.jplace.gz",
                "epang/user-alignment_0025.epa_info.log",
                "epang/user-alignment_0025.epa_result.jplace.gz",
                "epang/user-alignment_0026.epa_info.log",
                "epang/user-alignment_0026.epa_result.jplace.gz",
                "epang/user-alignment_0027.epa_info.log",
                "epang/user-alignment_0027.epa_result.jplace.gz",
                "epang/user-alignment_0028.epa_info.log",
                "epang/user-alignment_0028.epa_result.jplace.gz",
                "epang/user-alignment_0029.epa_info.log",
                "epang/user-alignment_0029.epa_result.jplace.gz",
                "epang/user-alignment_0030.epa_info.log",
                "epang/user-alignment_0030.epa_result.jplace.gz",
                "epang/user-alignment_0031.epa_info.log",
                "epang/user-alignment_0031.epa_result.jplace.gz",
                "epang/user-alignment_0032.epa_info.log",
                "epang/user-alignment_0032.epa_result.jplace.gz",
                "epang/user-alignment_0033.epa_info.log",
                "epang/user-alignment_0033.epa_result.jplace.gz",
                "epang/user-alignment_0034.epa_info.log",
                "epang/user-alignment_0034.epa_result.jplace.gz",
                "epang/user-alignment_0035.epa_info.log",
                "epang/user-alignment_0035.epa_result.jplace.gz",
                "epang/user-alignment_0036.epa_info.log",
                "epang/user-alignment_0036.epa_result.jplace.gz",
                "epang/user-alignment_0037.epa_info.log",
                "epang/user-alignment_0037.epa_result.jplace.gz",
                "epang/user-alignment_0038.epa_info.log",
                "epang/user-alignment_0038.epa_result.jplace.gz",
                "epang/user-alignment_0039.epa_info.log",
                "epang/user-alignment_0039.epa_result.jplace.gz",
                "epang/user-alignment_0040.epa_info.log",
                "epang/user-alignment_0040.epa_result.jplace.gz",
                "iqtree",
                "iqtree/user-alignment.iqtree",
                "iqtree/user-alignment.log",
                "iqtree/user-alignment.treefile",
                "multiqc",
                "multiqc/multiqc_data",
                "multiqc/multiqc_data/llms-full.txt",
                "multiqc/multiqc_data/multiqc.log",
                "multiqc/multiqc_data/multiqc.parquet",
                "multiqc/multiqc_data/multiqc_citations.txt",
                "multiqc/multiqc_data/multiqc_data.json",
                "multiqc/multiqc_data/multiqc_software_versions.txt",
                "multiqc/multiqc_data/multiqc_sources.txt",
                "multiqc/multiqc_report.html",
                "pipeline_info",
                "pipeline_info/nf_core_sativa_software_mqc_versions.yml",
                "sativaloosplit",
                "sativaloosplit/queryaln",
                "sativaloosplit/queryaln/0001_UnpCCeti.query.fasta",
                "sativaloosplit/queryaln/0002_UnpSomer.query.fasta",
                "sativaloosplit/queryaln/0003_UpbRectu.query.fasta",
                "sativaloosplit/queryaln/0004_UxjAloci.query.fasta",
                "sativaloosplit/queryaln/0005_UyvCanif.query.fasta",
                "sativaloosplit/queryaln/0006_UyvEquin.query.fasta",
                "sativaloosplit/queryaln/0007_UyvGonid.query.fasta",
                "sativaloosplit/queryaln/0008_UyvMorti.query.fasta",
                "sativaloosplit/queryaln/0009_UyvNecro.query.fasta",
                "sativaloosplit/queryaln/0010_UyvNecr2.query.fasta",
                "sativaloosplit/queryaln/0011_UyvNecr3.query.fasta",
                "sativaloosplit/queryaln/0012_UyvNucle.query.fasta",
                "sativaloosplit/queryaln/0013_UyvNucl2.query.fasta",
                "sativaloosplit/queryaln/0014_UyvNucl3.query.fasta",
                "sativaloosplit/queryaln/0015_UyvNucl4.query.fasta",
                "sativaloosplit/queryaln/0016_UyvNucl5.query.fasta",
                "sativaloosplit/queryaln/0017_UyvPerfo.query.fasta",
                "sativaloosplit/queryaln/0018_UyvPerio.query.fasta",
                "sativaloosplit/queryaln/0019_UyvRussi.query.fasta",
                "sativaloosplit/queryaln/0020_UyvSimia.query.fasta",
                "sativaloosplit/queryaln/0021_UyvUlcer.query.fasta",
                "sativaloosplit/queryaln/0022_UyvVariu.query.fasta",
                "sativaloosplit/queryaln/0023_VejInsue.query.fasta",
                "sativaloosplit/queryaln/0024_VejPolyt.query.fasta",
                "sativaloosplit/queryaln/0025_VejTarta.query.fasta",
                "sativaloosplit/queryaln/0026_VikBucca.query.fasta",
                "sativaloosplit/queryaln/0027_VikGoodf.query.fasta",
                "sativaloosplit/queryaln/0028_VikHofst.query.fasta",
                "sativaloosplit/queryaln/0029_VikSpeci.query.fasta",
                "sativaloosplit/queryaln/0030_VikShahi.query.fasta",
                "sativaloosplit/queryaln/0031_VikTrevi.query.fasta",
                "sativaloosplit/queryaln/0032_VikWadei.query.fasta",
                "sativaloosplit/queryaln/0033_VxsMaris.query.fasta",
                "sativaloosplit/queryaln/0034_VxsModes.query.fasta",
                "sativaloosplit/queryaln/0035_VzeAtlan.query.fasta",
                "sativaloosplit/queryaln/0036_WekTermi.query.fasta",
                "sativaloosplit/queryaln/0037_WgeSangu.query.fasta",
                "sativaloosplit/queryaln/0038_WicMonil.query.fasta",
                "sativaloosplit/queryaln/0039_DupSeq01.query.fasta",
                "sativaloosplit/queryaln/0040_DupSeq02.query.fasta",
                "sativaloosplit/referencealn",
                "sativaloosplit/referencealn/0001_UnpCCeti.reference.fasta",
                "sativaloosplit/referencealn/0002_UnpSomer.reference.fasta",
                "sativaloosplit/referencealn/0003_UpbRectu.reference.fasta",
                "sativaloosplit/referencealn/0004_UxjAloci.reference.fasta",
                "sativaloosplit/referencealn/0005_UyvCanif.reference.fasta",
                "sativaloosplit/referencealn/0006_UyvEquin.reference.fasta",
                "sativaloosplit/referencealn/0007_UyvGonid.reference.fasta",
                "sativaloosplit/referencealn/0008_UyvMorti.reference.fasta",
                "sativaloosplit/referencealn/0009_UyvNecro.reference.fasta",
                "sativaloosplit/referencealn/0010_UyvNecr2.reference.fasta",
                "sativaloosplit/referencealn/0011_UyvNecr3.reference.fasta",
                "sativaloosplit/referencealn/0012_UyvNucle.reference.fasta",
                "sativaloosplit/referencealn/0013_UyvNucl2.reference.fasta",
                "sativaloosplit/referencealn/0014_UyvNucl3.reference.fasta",
                "sativaloosplit/referencealn/0015_UyvNucl4.reference.fasta",
                "sativaloosplit/referencealn/0016_UyvNucl5.reference.fasta",
                "sativaloosplit/referencealn/0017_UyvPerfo.reference.fasta",
                "sativaloosplit/referencealn/0018_UyvPerio.reference.fasta",
                "sativaloosplit/referencealn/0019_UyvRussi.reference.fasta",
                "sativaloosplit/referencealn/0020_UyvSimia.reference.fasta",
                "sativaloosplit/referencealn/0021_UyvUlcer.reference.fasta",
                "sativaloosplit/referencealn/0022_UyvVariu.reference.fasta",
                "sativaloosplit/referencealn/0023_VejInsue.reference.fasta",
                "sativaloosplit/referencealn/0024_VejPolyt.reference.fasta",
                "sativaloosplit/referencealn/0025_VejTarta.reference.fasta",
                "sativaloosplit/referencealn/0026_VikBucca.reference.fasta",
                "sativaloosplit/referencealn/0027_VikGoodf.reference.fasta",
                "sativaloosplit/referencealn/0028_VikHofst.reference.fasta",
                "sativaloosplit/referencealn/0029_VikSpeci.reference.fasta",
                "sativaloosplit/referencealn/0030_VikShahi.reference.fasta",
                "sativaloosplit/referencealn/0031_VikTrevi.reference.fasta",
                "sativaloosplit/referencealn/0032_VikWadei.reference.fasta",
                "sativaloosplit/referencealn/0033_VxsMaris.reference.fasta",
                "sativaloosplit/referencealn/0034_VxsModes.reference.fasta",
                "sativaloosplit/referencealn/0035_VzeAtlan.reference.fasta",
                "sativaloosplit/referencealn/0036_WekTermi.reference.fasta",
                "sativaloosplit/referencealn/0037_WgeSangu.reference.fasta",
                "sativaloosplit/referencealn/0038_WicMonil.reference.fasta",
                "sativaloosplit/referencealn/0039_DupSeq01.reference.fasta",
                "sativaloosplit/referencealn/0040_DupSeq02.reference.fasta",
                "sativaloosplit/referencetree",
                "sativaloosplit/referencetree/0001_UnpCCeti.tree.nwk",
                "sativaloosplit/referencetree/0002_UnpSomer.tree.nwk",
                "sativaloosplit/referencetree/0003_UpbRectu.tree.nwk",
                "sativaloosplit/referencetree/0004_UxjAloci.tree.nwk",
                "sativaloosplit/referencetree/0005_UyvCanif.tree.nwk",
                "sativaloosplit/referencetree/0006_UyvEquin.tree.nwk",
                "sativaloosplit/referencetree/0007_UyvGonid.tree.nwk",
                "sativaloosplit/referencetree/0008_UyvMorti.tree.nwk",
                "sativaloosplit/referencetree/0009_UyvNecro.tree.nwk",
                "sativaloosplit/referencetree/0010_UyvNecr2.tree.nwk",
                "sativaloosplit/referencetree/0011_UyvNecr3.tree.nwk",
                "sativaloosplit/referencetree/0012_UyvNucle.tree.nwk",
                "sativaloosplit/referencetree/0013_UyvNucl2.tree.nwk",
                "sativaloosplit/referencetree/0014_UyvNucl3.tree.nwk",
                "sativaloosplit/referencetree/0015_UyvNucl4.tree.nwk",
                "sativaloosplit/referencetree/0016_UyvNucl5.tree.nwk",
                "sativaloosplit/referencetree/0017_UyvPerfo.tree.nwk",
                "sativaloosplit/referencetree/0018_UyvPerio.tree.nwk",
                "sativaloosplit/referencetree/0019_UyvRussi.tree.nwk",
                "sativaloosplit/referencetree/0020_UyvSimia.tree.nwk",
                "sativaloosplit/referencetree/0021_UyvUlcer.tree.nwk",
                "sativaloosplit/referencetree/0022_UyvVariu.tree.nwk",
                "sativaloosplit/referencetree/0023_VejInsue.tree.nwk",
                "sativaloosplit/referencetree/0024_VejPolyt.tree.nwk",
                "sativaloosplit/referencetree/0025_VejTarta.tree.nwk",
                "sativaloosplit/referencetree/0026_VikBucca.tree.nwk",
                "sativaloosplit/referencetree/0027_VikGoodf.tree.nwk",
                "sativaloosplit/referencetree/0028_VikHofst.tree.nwk",
                "sativaloosplit/referencetree/0029_VikSpeci.tree.nwk",
                "sativaloosplit/referencetree/0030_VikShahi.tree.nwk",
                "sativaloosplit/referencetree/0031_VikTrevi.tree.nwk",
                "sativaloosplit/referencetree/0032_VikWadei.tree.nwk",
                "sativaloosplit/referencetree/0033_VxsMaris.tree.nwk",
                "sativaloosplit/referencetree/0034_VxsModes.tree.nwk",
                "sativaloosplit/referencetree/0035_VzeAtlan.tree.nwk",
                "sativaloosplit/referencetree/0036_WekTermi.tree.nwk",
                "sativaloosplit/referencetree/0037_WgeSangu.tree.nwk",
                "sativaloosplit/referencetree/0038_WicMonil.tree.nwk",
                "sativaloosplit/referencetree/0039_DupSeq01.tree.nwk",
                "sativaloosplit/referencetree/0040_DupSeq02.tree.nwk",
                "sativascore",
                "sativascore/user-alignment.mislabels.tsv",
                "sativascore/user-alignment.summary.txt",
                "taxonomytree",
                "taxonomytree/guide-tree.guide.nwk"
            ],
            [
                "user-alignment.checked.phy:md5,18b06732288ac020f53b609fc597db21",
                "user-alignment.checked.tax:md5,f634269ab9aea1616bf9b76758f6cd44",
                "user-alignment.phylip:md5,461192d309b8f9c87bb21f4dcb5c250f",
                "user-alignment_0001.epa_info.log:md5,9ca93c27f82f6eb85a00c086e876e582",
                "user-alignment_0001.epa_result.jplace.gz:md5,61fad0f03069a074aad23012b4258767",
                "user-alignment_0002.epa_info.log:md5,bed8a9bcfcd3b89cc289135668e9429c",
                "user-alignment_0002.epa_result.jplace.gz:md5,71209b77e58aed29340e7c1643a417f5",
                "user-alignment_0003.epa_info.log:md5,39aa7c1c5285e6fd13fbaaec6943c824",
                "user-alignment_0003.epa_result.jplace.gz:md5,fc1556992ac26636f738dfde64bf55c2",
                "user-alignment_0004.epa_info.log:md5,515d78838c4904c45280267c5082bfc5",
                "user-alignment_0004.epa_result.jplace.gz:md5,686895f7e6a086e9e4b1aa583c783ce0",
                "user-alignment_0005.epa_info.log:md5,2836ed700c437ed673347ba1b71c2fc0",
                "user-alignment_0005.epa_result.jplace.gz:md5,b749a00992a4243f49148966544102fa",
                "user-alignment_0006.epa_info.log:md5,e7a35b6feb9ec1efa961c43fb416544b",
                "user-alignment_0006.epa_result.jplace.gz:md5,b6ef469edb52f9b88eab06848054ab29",
                "user-alignment_0007.epa_info.log:md5,e6c37f4ccab90cb52e6a312a871af7b0",
                "user-alignment_0007.epa_result.jplace.gz:md5,e9d5bebff6e340d0a65a8519ae9156cd",
                "user-alignment_0008.epa_info.log:md5,653dca30706f76a2761b3391f94d0fbb",
                "user-alignment_0008.epa_result.jplace.gz:md5,2da5a199e267c0404abba08f1cacbeee",
                "user-alignment_0009.epa_info.log:md5,4d7c2d201203727bf5891b4acba98d5d",
                "user-alignment_0009.epa_result.jplace.gz:md5,a57167285974be1e49dd40c2581e8033",
                "user-alignment_0010.epa_info.log:md5,56bad3e76597721f05b00aa691d2c4cb",
                "user-alignment_0010.epa_result.jplace.gz:md5,e2d0642f82703cecff2bd879447ce2c8",
                "user-alignment_0011.epa_info.log:md5,6bd75c1b3a93f72b8ef613093957c401",
                "user-alignment_0011.epa_result.jplace.gz:md5,fb6fb2abf5ce9a6a51cc38e8340c8e3e",
                "user-alignment_0012.epa_info.log:md5,fea253b248cf973e39a4609b24d43fbf",
                "user-alignment_0012.epa_result.jplace.gz:md5,6ee0c52c6f1b288cfd8000e4a8f146f5",
                "user-alignment_0013.epa_info.log:md5,d7d930b37ba6cbb7d37cbb023ee10b33",
                "user-alignment_0013.epa_result.jplace.gz:md5,c99eddb4d1539ff7ebd0bec9ec65ddd9",
                "user-alignment_0014.epa_info.log:md5,e8da6032877839761dddb1f77777b1fe",
                "user-alignment_0014.epa_result.jplace.gz:md5,d48c3861f27436aaa9afe68f20aa649a",
                "user-alignment_0015.epa_info.log:md5,635b255c0c2376d1f6a430fee20ba9d8",
                "user-alignment_0015.epa_result.jplace.gz:md5,6fb0a1301e421769b28808c6ddff35a9",
                "user-alignment_0016.epa_info.log:md5,ba946d2cfddab1e0b14182f8f8dc230d",
                "user-alignment_0016.epa_result.jplace.gz:md5,c136bd3f65f10ec14228ee8e95568362",
                "user-alignment_0017.epa_info.log:md5,ff29abb26966caec66414fbbc506845f",
                "user-alignment_0017.epa_result.jplace.gz:md5,9a093c03194104ae285282d4110226ed",
                "user-alignment_0018.epa_info.log:md5,0f7575443d18b7ffba20b9c1a1de8859",
                "user-alignment_0018.epa_result.jplace.gz:md5,158f479ea2dd2ddb3e9f23f92eae1874",
                "user-alignment_0019.epa_info.log:md5,dbd6ac49d855ce615cc7c17590f66923",
                "user-alignment_0019.epa_result.jplace.gz:md5,7c9efc998b3ac74fcfc0bbad265281d4",
                "user-alignment_0020.epa_info.log:md5,fe6babd3992364b9f9305292f611fc83",
                "user-alignment_0020.epa_result.jplace.gz:md5,17cfb891c9a552fd1ede88387f35c1f1",
                "user-alignment_0021.epa_info.log:md5,bef8b8c645d49e1714ab3b17a2ec3cef",
                "user-alignment_0021.epa_result.jplace.gz:md5,fb6d38819f31def71b6c0999f20c19c9",
                "user-alignment_0022.epa_info.log:md5,e40ff0cf7d2046c387ba88ec31fc568b",
                "user-alignment_0022.epa_result.jplace.gz:md5,564d8317a400a1d53b02cf92baf06739",
                "user-alignment_0023.epa_info.log:md5,92eda54d23087314d38eeb6bd7016dba",
                "user-alignment_0023.epa_result.jplace.gz:md5,0fb1e49c6b9cf3875ccabb7032911d36",
                "user-alignment_0024.epa_info.log:md5,3e0cdbaba6493d667c61b78d5e58af29",
                "user-alignment_0024.epa_result.jplace.gz:md5,4cf68ea65f9a926a3fc8cadb792f6831",
                "user-alignment_0025.epa_info.log:md5,7760257b4340d2f3fa2224ba2358b0d3",
                "user-alignment_0025.epa_result.jplace.gz:md5,15fdfcb8ca5ece23745359b8b53d187c",
                "user-alignment_0026.epa_info.log:md5,c0c049ce2a824cca377cb0244666d3da",
                "user-alignment_0026.epa_result.jplace.gz:md5,02ba9bd7d7bb7a858197c2c5dae93e34",
                "user-alignment_0027.epa_info.log:md5,5e1d27cf3559485c2a9a905738c6755d",
                "user-alignment_0027.epa_result.jplace.gz:md5,cd4b1d3a718d2ccdc75c135fba6da7ff",
                "user-alignment_0028.epa_info.log:md5,633906f260a9a8c78ec51ec60696f9c4",
                "user-alignment_0028.epa_result.jplace.gz:md5,7255de6d14f2af835d0a05d90cc41fe5",
                "user-alignment_0029.epa_info.log:md5,09622cea15ffd49fa6702945fa1a90c6",
                "user-alignment_0029.epa_result.jplace.gz:md5,f1b54c1e3d501f4c19a546188987d096",
                "user-alignment_0030.epa_info.log:md5,87063f102dae9b6debcef83f4b52ffb2",
                "user-alignment_0030.epa_result.jplace.gz:md5,5328c9c8f448aab5e2bf8a2ea54e9ee6",
                "user-alignment_0031.epa_info.log:md5,108845024f9cbf264fcf1fd6b3ce8862",
                "user-alignment_0031.epa_result.jplace.gz:md5,cbcf92a0c0aef8e3256e271b33fe4180",
                "user-alignment_0032.epa_info.log:md5,23ee61476b870de7abeb5cf1866f707b",
                "user-alignment_0032.epa_result.jplace.gz:md5,38d0ab73b0a11f794b87eb28dfee49bd",
                "user-alignment_0033.epa_info.log:md5,2995d7305d7e42b3631ee54d533192d6",
                "user-alignment_0033.epa_result.jplace.gz:md5,6ae22be7ebf4211a45cf7d084ab4c441",
                "user-alignment_0034.epa_info.log:md5,ef3740210ecc2996bd9aff98035c731b",
                "user-alignment_0034.epa_result.jplace.gz:md5,41523519eb200902f16a7b90cadbf684",
                "user-alignment_0035.epa_info.log:md5,b3b048ed532d93cccefdacc55bf91fd8",
                "user-alignment_0035.epa_result.jplace.gz:md5,84e82a08a69cc4b259a2b3e8d806d3f2",
                "user-alignment_0036.epa_info.log:md5,b9876fe81a2ee98be2c4063448600fc4",
                "user-alignment_0036.epa_result.jplace.gz:md5,46c38f4e96777dacf174272187cc7419",
                "user-alignment_0037.epa_info.log:md5,90629fe18813b42fdd93ebaec316ccb2",
                "user-alignment_0037.epa_result.jplace.gz:md5,aebed04632284ca9a0cb55cea0fe6754",
                "user-alignment_0038.epa_info.log:md5,da878792800eaaf1863ee81785f7d1ab",
                "user-alignment_0038.epa_result.jplace.gz:md5,524fcb5606a48935c05874992c84a11b",
                "user-alignment_0039.epa_info.log:md5,f0c0596594e116dcfc144279d4b64ec5",
                "user-alignment_0039.epa_result.jplace.gz:md5,8b6b0b8dd651027dc43043af7a0bac39",
                "user-alignment_0040.epa_info.log:md5,3f8cafd1b6698b339153f11545fc5897",
                "user-alignment_0040.epa_result.jplace.gz:md5,2a62ed68829d2c958b21fa10b2ede81b",
                "user-alignment.iqtree:md5,67d3f60f9af855422fe330093447980e",
                "user-alignment.log:md5,c6798357c64545d30534b1900778fa94",
                "user-alignment.treefile:md5,bc5ba9861e2881eb092556304665dfa1",
                "multiqc_citations.txt:md5,4c806e63a283ec1b7e78cdae3a923d4f",
                "0001_UnpCCeti.query.fasta:md5,5c488d20293337218ab2e33924a06d8a",
                "0002_UnpSomer.query.fasta:md5,69a5d272ebc785c0463565bc5200111f",
                "0003_UpbRectu.query.fasta:md5,e79390aaa403add9694055fc15b9f57b",
                "0004_UxjAloci.query.fasta:md5,3fc0d6b51e14c0bd426ccde091d6565d",
                "0005_UyvCanif.query.fasta:md5,20c7d75288a7421a6311f6ed802273d1",
                "0006_UyvEquin.query.fasta:md5,bd7b005db22cfde14c61c9013f6b2dad",
                "0007_UyvGonid.query.fasta:md5,8d8d64442abbb8ad0637a9bfa1c09e9a",
                "0008_UyvMorti.query.fasta:md5,fc39f2bc3a2425c9334e9fc8a5e7c18b",
                "0009_UyvNecro.query.fasta:md5,d3f19730a5fff09fdfaa8d1122668e5e",
                "0010_UyvNecr2.query.fasta:md5,9e5e3ebc9deaa11a63b3c1dccd5b0f3b",
                "0011_UyvNecr3.query.fasta:md5,595a5febc2b8b7e94fc7940942cf3f02",
                "0012_UyvNucle.query.fasta:md5,848d85d28c293601128be7272f05a544",
                "0013_UyvNucl2.query.fasta:md5,446d3e50d6f56b615ba1355199ac3478",
                "0014_UyvNucl3.query.fasta:md5,476cfe958f10c858af5b24675ee734d1",
                "0015_UyvNucl4.query.fasta:md5,de4e3baf198c08923f7087c2d859cb2c",
                "0016_UyvNucl5.query.fasta:md5,9480fe2d771f192fece46e1f9e159840",
                "0017_UyvPerfo.query.fasta:md5,3eb19f18c63f6c23b0ddd123c7a07b9f",
                "0018_UyvPerio.query.fasta:md5,d5f22f22237b9c203ac5bc2de95b909f",
                "0019_UyvRussi.query.fasta:md5,01a44ee67e2bc1602ad8f935e5def53d",
                "0020_UyvSimia.query.fasta:md5,cb5601870cc78d277fbd1f8ac64b3f5a",
                "0021_UyvUlcer.query.fasta:md5,034a52a845f6292c404117782c76a434",
                "0022_UyvVariu.query.fasta:md5,484f22c3ce82ed50aed67d4332136a2e",
                "0023_VejInsue.query.fasta:md5,64392f9940925980425396f98f21c3e9",
                "0024_VejPolyt.query.fasta:md5,93ee154b68caa40f7a5e655cac9637f3",
                "0025_VejTarta.query.fasta:md5,0691b88b5d56696feb0a29dd2a99e2f1",
                "0026_VikBucca.query.fasta:md5,cbd88974df0396dcccc5f78dfd543a75",
                "0027_VikGoodf.query.fasta:md5,0deff533c54788c8246820c0764a775d",
                "0028_VikHofst.query.fasta:md5,f622a45975431248c9563d728a5afea5",
                "0029_VikSpeci.query.fasta:md5,284b2635902c1a76b83947e651b58bd8",
                "0030_VikShahi.query.fasta:md5,bfc2b90181ce5bc5e9736acf2495f894",
                "0031_VikTrevi.query.fasta:md5,091b1b927b87391e520c81025b645f5a",
                "0032_VikWadei.query.fasta:md5,95477de290e1506f32a614a1edc117db",
                "0033_VxsMaris.query.fasta:md5,a2fa79963bc9267ca19308976f9bb796",
                "0034_VxsModes.query.fasta:md5,76e9a68ad11bf00b45934aa31c7c4289",
                "0035_VzeAtlan.query.fasta:md5,cbf79e77afb11b8fc248d0a79d8f2756",
                "0036_WekTermi.query.fasta:md5,db33b60046f2df0c9d1bbf087612b521",
                "0037_WgeSangu.query.fasta:md5,20811133f8ba848d5ba7bf9f73a4751e",
                "0038_WicMonil.query.fasta:md5,52a78e7101e2dba73904177efd1d5841",
                "0039_DupSeq01.query.fasta:md5,03b5848494f3ae4ae679cd1dccb569b7",
                "0040_DupSeq02.query.fasta:md5,f8f95184f9b95b0ae3391499dd7b5edd",
                "0001_UnpCCeti.reference.fasta:md5,a2a80367ffbf25a0b78e96a8683a1eff",
                "0002_UnpSomer.reference.fasta:md5,36290cab39c024868393152c16714808",
                "0003_UpbRectu.reference.fasta:md5,7525ec680242dd28881cdf252b7201d5",
                "0004_UxjAloci.reference.fasta:md5,82dcea50cee2b1308d6d8d963fa17916",
                "0005_UyvCanif.reference.fasta:md5,43e24e5cbcc9c6694ca3a8bdf1a0d134",
                "0006_UyvEquin.reference.fasta:md5,497e09e60270919abf3c30bc47b45f79",
                "0007_UyvGonid.reference.fasta:md5,8520bb892b3dbefd9b9df5335d919a13",
                "0008_UyvMorti.reference.fasta:md5,908927aea0084bad1d18482e6169df58",
                "0009_UyvNecro.reference.fasta:md5,c267da621ce88f1e58b9ec1592e143ea",
                "0010_UyvNecr2.reference.fasta:md5,dba03ef128628018203b638c0ae1d1fd",
                "0011_UyvNecr3.reference.fasta:md5,78398479d8eb3a0e10d415372dd68450",
                "0012_UyvNucle.reference.fasta:md5,5605371d9ade511e67b0d75169c6d416",
                "0013_UyvNucl2.reference.fasta:md5,0eea778e915e4374b04d2f0c7d5e09aa",
                "0014_UyvNucl3.reference.fasta:md5,25e003934be9c9dc0c40e5dd8eec9245",
                "0015_UyvNucl4.reference.fasta:md5,d4f877c882f075176238fff88c3729c5",
                "0016_UyvNucl5.reference.fasta:md5,fa58d256c79d1555e82f800e54e100de",
                "0017_UyvPerfo.reference.fasta:md5,e4939c14755b05a08211e7b738ffbb8d",
                "0018_UyvPerio.reference.fasta:md5,8f7105140eef05aee905adc84f00fd1c",
                "0019_UyvRussi.reference.fasta:md5,fa5766252e4639d7800752750b7d304a",
                "0020_UyvSimia.reference.fasta:md5,d3116c08aad6e3bebb5ea7b1d5c9dc4b",
                "0021_UyvUlcer.reference.fasta:md5,3d7130e6485927f36d2a2877b2b67e14",
                "0022_UyvVariu.reference.fasta:md5,053419b303a60e51b7e0d17ee11dc3a6",
                "0023_VejInsue.reference.fasta:md5,104ad6034de50c3b874c80f2a5d1d961",
                "0024_VejPolyt.reference.fasta:md5,a2e0f0dedd79cb2ad3c9828ec4d52b7c",
                "0025_VejTarta.reference.fasta:md5,3ad97ae237c7c1eccb9e6f1764966116",
                "0026_VikBucca.reference.fasta:md5,6e7f9d5abfb1f31522cf1100136b1b7b",
                "0027_VikGoodf.reference.fasta:md5,26bc0c3d6fde787ec9b222d78cce09a5",
                "0028_VikHofst.reference.fasta:md5,2b14cf8688fc2ae253bd1c400b4b862a",
                "0029_VikSpeci.reference.fasta:md5,b7299b4f56ad3ee5129189ecb1dc2404",
                "0030_VikShahi.reference.fasta:md5,b2d3d2ee252700853f9083073fceca8e",
                "0031_VikTrevi.reference.fasta:md5,74b550d13433b3be0a7870feb6893a34",
                "0032_VikWadei.reference.fasta:md5,107f3c3f600c88b001155a2cd88abf30",
                "0033_VxsMaris.reference.fasta:md5,b370a10ec0c07c34ce62db9059f65a25",
                "0034_VxsModes.reference.fasta:md5,749863e35ddb33a29485b264c293725f",
                "0035_VzeAtlan.reference.fasta:md5,abc71af2aa2891b55684e8dc95854bad",
                "0036_WekTermi.reference.fasta:md5,3dfc2b685623f655d8bd3b1092b1242d",
                "0037_WgeSangu.reference.fasta:md5,50c8fd8a63edf0cf06c48c7178afb3d2",
                "0038_WicMonil.reference.fasta:md5,cef03b6396240192a6b55fa0c6916f99",
                "0039_DupSeq01.reference.fasta:md5,1283146fab1212292038b5697d6990d0",
                "0040_DupSeq02.reference.fasta:md5,6d472dcacae38d60fb969d85b98a9d75",
                "0001_UnpCCeti.tree.nwk:md5,8c4772d0333b4302cbb994964273d622",
                "0002_UnpSomer.tree.nwk:md5,d5b11921b9a5fc807b2ecf116708ae89",
                "0003_UpbRectu.tree.nwk:md5,a320f16c3f3bec3c8770658837e80787",
                "0004_UxjAloci.tree.nwk:md5,242c42db8bcd3c1bd0596aed26102c91",
                "0005_UyvCanif.tree.nwk:md5,b5833e2e3b4c34b75340c6108eed91c2",
                "0006_UyvEquin.tree.nwk:md5,473b0af828c08701877105b21b1fee36",
                "0007_UyvGonid.tree.nwk:md5,a5c839d9e7241b133cd1f2a207baef81",
                "0008_UyvMorti.tree.nwk:md5,5335cc659a271307d88482d7175da317",
                "0009_UyvNecro.tree.nwk:md5,af7b158c17cc2d4d6c3bd55cbc938c1a",
                "0010_UyvNecr2.tree.nwk:md5,4a249d8bf3217ebd7d580640a0c655ee",
                "0011_UyvNecr3.tree.nwk:md5,f5bdbca174e8b877990ede639781fbe6",
                "0012_UyvNucle.tree.nwk:md5,f82819fdb7574c140af1d980f83f6f81",
                "0013_UyvNucl2.tree.nwk:md5,f882827934d4c88e3c1246e17eabd617",
                "0014_UyvNucl3.tree.nwk:md5,a7d97d18909bf2362b5399271eec3fad",
                "0015_UyvNucl4.tree.nwk:md5,fe0fb6ddc7a88a309ca99c3a548b28b3",
                "0016_UyvNucl5.tree.nwk:md5,e15879d83e8a9ba7af2c5ac5f13480c3",
                "0017_UyvPerfo.tree.nwk:md5,95bd31edb4ea7756d96e0161f67c3051",
                "0018_UyvPerio.tree.nwk:md5,21a9c0ffd26a8f70c3ced101080939e5",
                "0019_UyvRussi.tree.nwk:md5,84dcd5cfe443e6726177ddb6a49ee548",
                "0020_UyvSimia.tree.nwk:md5,34141b167b759694d11265c755d0d4c8",
                "0021_UyvUlcer.tree.nwk:md5,01d3f0971f27eddc01600ac8b582a406",
                "0022_UyvVariu.tree.nwk:md5,9098d7200d4b1d98bbe607115004ff74",
                "0023_VejInsue.tree.nwk:md5,b04719f3c08e07425fadea337b827331",
                "0024_VejPolyt.tree.nwk:md5,1d656cff4fc75d67d478e2d2ac8d69b7",
                "0025_VejTarta.tree.nwk:md5,c6c7552179e42e435e21d9d7d3c9f568",
                "0026_VikBucca.tree.nwk:md5,2b7866521ac064dbc975772785327589",
                "0027_VikGoodf.tree.nwk:md5,eefc84c4d63c9e7fdda9fb27d81151ae",
                "0028_VikHofst.tree.nwk:md5,48fb4ed3141b96b066c065af9919b9e6",
                "0029_VikSpeci.tree.nwk:md5,667caa84d4cfd563cd7359c366bd072d",
                "0030_VikShahi.tree.nwk:md5,ff18ec8e392eb2616ff4f15288504707",
                "0031_VikTrevi.tree.nwk:md5,f5cab76e3ecc247c7f275bbda338f502",
                "0032_VikWadei.tree.nwk:md5,6525bedbe136c2a493d00c2a2ce60ac0",
                "0033_VxsMaris.tree.nwk:md5,b7cb26346c797f3de50e21a044ff72bc",
                "0034_VxsModes.tree.nwk:md5,060ff20817065437c7ee38e8a85cb94e",
                "0035_VzeAtlan.tree.nwk:md5,bac33ab4da72ecbf386251a6a25aa87d",
                "0036_WekTermi.tree.nwk:md5,a352c542d5441f4978dacf1adc3384ae",
                "0037_WgeSangu.tree.nwk:md5,f4f92debbd11516a888707fbc300f378",
                "0038_WicMonil.tree.nwk:md5,3a98dc439fc97c95d89dc74ef1a9d42c",
                "0039_DupSeq01.tree.nwk:md5,0be53305093091fb31e9370b88256dbb",
                "0040_DupSeq02.tree.nwk:md5,7f278d364af2e0a15a8ea5b3948e4dcf",
                "user-alignment.mislabels.tsv:md5,a6a2584d7e9dace60363437473216477",
                "user-alignment.summary.txt:md5,77868617f10f823241decdd7eb520acd",
                "guide-tree.guide.nwk:md5,d02bbee02826f3322e3833fc86702e44"
            ]
        ],
        "timestamp": "2026-07-22T09:07:47.773056054",
        "meta": {
            "nf-test": "0.9.5",
            "nextflow": "26.04.6"
        }
    }
}