{
    "versions": {
        "content": [
            {
                "CHECKALIGNED": {
                    "python": "3.12.12",
                    "biopython": 1.84
                },
                "CHECKNAMECONSISTENCY": {
                    "python": "3.12.12",
                    "biopython": 1.84
                },
                "EMBOSS_SEQRET": {
                    "emboss": "6.6.0.0"
                },
                "EPANG_PLACE": {
                    "epa-ng": "0.3.8"
                },
                "GAPFILTER": {
                    "python": "3.12.12"
                },
                "IQTREE": {
                    "iqtree": "2.4.0"
                },
                "RESOLVETAXONOMY": {
                    "python": "3.12.12"
                },
                "SATIVALOOSPLIT": {
                    "python": "3.12.12",
                    "biopython": 1.84
                },
                "SATIVASCORE": {
                    "python": "3.11.10"
                },
                "TAXONOMYTREE": {
                    "python": "3.11.10"
                },
                "Workflow": {
                    "nf-core/sativa": "v1.0.0dev"
                }
            }
        ],
        "timestamp": "2026-08-02T09:03:04.365105051",
        "meta": {
            "nf-test": "0.9.5",
            "nextflow": "26.04.6"
        }
    }
}