{
    "versions_raxtax_disabled": {
        "content": [
            {
                "CHECKALIGNED": {
                    "python": "3.12.12",
                    "biopython": 1.84
                },
                "CHECKNAMECONSISTENCY": {
                    "python": "3.12.12",
                    "biopython": 1.84
                },
                "EMBOSS_SEQRET": {
                    "emboss": "6.6.0.0"
                },
                "EPANG_PLACE": {
                    "epa-ng": "0.3.8"
                },
                "GAPFILTER": {
                    "python": "3.12.12"
                },
                "IQTREE": {
                    "iqtree": "2.4.0"
                },
                "RESOLVETAXONOMY": {
                    "python": "3.12.12"
                },
                "SATIVALOOSPLIT": {
                    "python": "3.12.12",
                    "biopython": 1.84
                },
                "SATIVASCORE": {
                    "python": "3.11.10"
                },
                "TAXONOMYTREE": {
                    "python": "3.11.10"
                },
                "Workflow": {
                    "nf-core/sativa": "v1.0.0dev"
                }
            }
        ],
        "timestamp": "2026-08-02T08:33:42.853852069",
        "meta": {
            "nf-test": "0.9.5",
            "nextflow": "26.04.6"
        }
    },
    "versions_default_rank": {
        "content": [
            {
                "CHECKALIGNED": {
                    "python": "3.12.12",
                    "biopython": 1.84
                },
                "CHECKNAMECONSISTENCY": {
                    "python": "3.12.12",
                    "biopython": 1.84
                },
                "EMBOSS_SEQRET": {
                    "emboss": "6.6.0.0"
                },
                "EPANG_PLACE": {
                    "epa-ng": "0.3.8"
                },
                "GAPFILTER": {
                    "python": "3.12.12"
                },
                "IQTREE": {
                    "iqtree": "2.4.0"
                },
                "RAXTAX": {
                    "raxtax": "1.6.0"
                },
                "RAXTAXFILTER": {
                    "python": "3.12.12"
                },
                "RAXTAXFORMAT": {
                    "python": "3.12.12"
                },
                "RESOLVETAXONOMY": {
                    "python": "3.12.12"
                },
                "SATIVALOOSPLIT": {
                    "python": "3.12.12",
                    "biopython": 1.84
                },
                "SATIVASCORE": {
                    "python": "3.11.10"
                },
                "TAXONOMYTREE": {
                    "python": "3.11.10"
                },
                "Workflow": {
                    "nf-core/sativa": "v1.0.0dev"
                }
            }
        ],
        "timestamp": "2026-08-02T08:35:31.367699209",
        "meta": {
            "nf-test": "0.9.5",
            "nextflow": "26.04.6"
        }
    },
    "versions_sativa_skipped": {
        "content": [
            {
                "CHECKALIGNED": {
                    "python": "3.12.12",
                    "biopython": 1.84
                },
                "CHECKNAMECONSISTENCY": {
                    "python": "3.12.12",
                    "biopython": 1.84
                },
                "EMBOSS_SEQRET": {
                    "emboss": "6.6.0.0"
                },
                "GAPFILTER": {
                    "python": "3.12.12"
                },
                "RAXTAX": {
                    "raxtax": "1.6.0"
                },
                "RAXTAXFILTER": {
                    "python": "3.12.12"
                },
                "RAXTAXFORMAT": {
                    "python": "3.12.12"
                },
                "RESOLVETAXONOMY": {
                    "python": "3.12.12"
                },
                "Workflow": {
                    "nf-core/sativa": "v1.0.0dev"
                }
            }
        ],
        "timestamp": "2026-08-02T15:02:03.8280175",
        "meta": {
            "nf-test": "0.9.5",
            "nextflow": "26.04.6"
        }
    },
    "versions_coarse_rank": {
        "content": [
            {
                "CHECKALIGNED": {
                    "python": "3.12.12",
                    "biopython": 1.84
                },
                "CHECKNAMECONSISTENCY": {
                    "python": "3.12.12",
                    "biopython": 1.84
                },
                "EMBOSS_SEQRET": {
                    "emboss": "6.6.0.0"
                },
                "EPANG_PLACE": {
                    "epa-ng": "0.3.8"
                },
                "GAPFILTER": {
                    "python": "3.12.12"
                },
                "IQTREE": {
                    "iqtree": "2.4.0"
                },
                "RAXTAX": {
                    "raxtax": "1.6.0"
                },
                "RAXTAXFILTER": {
                    "python": "3.12.12"
                },
                "RAXTAXFORMAT": {
                    "python": "3.12.12"
                },
                "RESOLVETAXONOMY": {
                    "python": "3.12.12"
                },
                "SATIVALOOSPLIT": {
                    "python": "3.12.12",
                    "biopython": 1.84
                },
                "SATIVASCORE": {
                    "python": "3.11.10"
                },
                "TAXONOMYTREE": {
                    "python": "3.11.10"
                },
                "Workflow": {
                    "nf-core/sativa": "v1.0.0dev"
                }
            }
        ],
        "timestamp": "2026-08-02T08:37:21.353144706",
        "meta": {
            "nf-test": "0.9.5",
            "nextflow": "26.04.6"
        }
    }
}